Component: ARM Compiler 5.06 update 6 (build 750) Tool: armlink [4d35ed]

==============================================================================

Section Cross References

    startup_stm32h723xx.o(RESET) refers to startup_stm32h723xx.o(STACK) for __initial_sp
    startup_stm32h723xx.o(RESET) refers to startup_stm32h723xx.o(.text) for Reset_Handler
    startup_stm32h723xx.o(RESET) refers to stm32h7xx_it.o(i.NMI_Handler) for NMI_Handler
    startup_stm32h723xx.o(RESET) refers to stm32h7xx_it.o(i.HardFault_Handler) for HardFault_Handler
    startup_stm32h723xx.o(RESET) refers to stm32h7xx_it.o(i.MemManage_Handler) for MemManage_Handler
    startup_stm32h723xx.o(RESET) refers to stm32h7xx_it.o(i.BusFault_Handler) for BusFault_Handler
    startup_stm32h723xx.o(RESET) refers to stm32h7xx_it.o(i.UsageFault_Handler) for UsageFault_Handler
    startup_stm32h723xx.o(RESET) refers to stm32h7xx_it.o(i.SVC_Handler) for SVC_Handler
    startup_stm32h723xx.o(RESET) refers to stm32h7xx_it.o(i.DebugMon_Handler) for DebugMon_Handler
    startup_stm32h723xx.o(RESET) refers to stm32h7xx_it.o(i.PendSV_Handler) for PendSV_Handler
    startup_stm32h723xx.o(RESET) refers to stm32h7xx_it.o(i.SysTick_Handler) for SysTick_Handler
    startup_stm32h723xx.o(RESET) refers to stm32h7xx_it.o(i.DMA1_Stream0_IRQHandler) for DMA1_Stream0_IRQHandler
    startup_stm32h723xx.o(RESET) refers to stm32h7xx_it.o(i.DMA1_Stream1_IRQHandler) for DMA1_Stream1_IRQHandler
    startup_stm32h723xx.o(RESET) refers to stm32h7xx_it.o(i.DMA1_Stream2_IRQHandler) for DMA1_Stream2_IRQHandler
    startup_stm32h723xx.o(RESET) refers to stm32h7xx_it.o(i.DMA1_Stream3_IRQHandler) for DMA1_Stream3_IRQHandler
    startup_stm32h723xx.o(RESET) refers to stm32h7xx_it.o(i.DMA1_Stream4_IRQHandler) for DMA1_Stream4_IRQHandler
    startup_stm32h723xx.o(RESET) refers to stm32h7xx_it.o(i.FDCAN1_IT0_IRQHandler) for FDCAN1_IT0_IRQHandler
    startup_stm32h723xx.o(RESET) refers to stm32h7xx_it.o(i.FDCAN2_IT0_IRQHandler) for FDCAN2_IT0_IRQHandler
    startup_stm32h723xx.o(RESET) refers to stm32h7xx_it.o(i.SPI2_IRQHandler) for SPI2_IRQHandler
    startup_stm32h723xx.o(RESET) refers to stm32h7xx_it.o(i.TIM8_TRG_COM_TIM14_IRQHandler) for TIM8_TRG_COM_TIM14_IRQHandler
    startup_stm32h723xx.o(RESET) refers to stm32h7xx_it.o(i.UART4_IRQHandler) for UART4_IRQHandler
    startup_stm32h723xx.o(RESET) refers to stm32h7xx_it.o(i.UART5_IRQHandler) for UART5_IRQHandler
    startup_stm32h723xx.o(.text) refers to system_stm32h7xx.o(i.SystemInit) for SystemInit
    startup_stm32h723xx.o(.text) refers to entry.o(.ARM.Collect$$$$00000000) for __main
    main.o(i.PeriphCommonClock_Config) refers to memseta.o(.text) for __aeabi_memclr4
    main.o(i.PeriphCommonClock_Config) refers to stm32h7xx_hal_rcc_ex.o(i.HAL_RCCEx_PeriphCLKConfig) for HAL_RCCEx_PeriphCLKConfig
    main.o(i.PeriphCommonClock_Config) refers to main.o(i.Error_Handler) for Error_Handler
    main.o(i.SystemClock_Config) refers to memseta.o(.text) for __aeabi_memclr4
    main.o(i.SystemClock_Config) refers to stm32h7xx_hal_pwr_ex.o(i.HAL_PWREx_ConfigSupply) for HAL_PWREx_ConfigSupply
    main.o(i.SystemClock_Config) refers to stm32h7xx_hal_rcc.o(i.HAL_RCC_OscConfig) for HAL_RCC_OscConfig
    main.o(i.SystemClock_Config) refers to main.o(i.Error_Handler) for Error_Handler
    main.o(i.SystemClock_Config) refers to stm32h7xx_hal_rcc.o(i.HAL_RCC_ClockConfig) for HAL_RCC_ClockConfig
    main.o(i.main) refers to stm32h7xx_hal.o(i.HAL_Init) for HAL_Init
    main.o(i.main) refers to main.o(i.SystemClock_Config) for SystemClock_Config
    main.o(i.main) refers to main.o(i.PeriphCommonClock_Config) for PeriphCommonClock_Config
    main.o(i.main) refers to gpio.o(i.MX_GPIO_Init) for MX_GPIO_Init
    main.o(i.main) refers to dma.o(i.MX_DMA_Init) for MX_DMA_Init
    main.o(i.main) refers to fdcan.o(i.MX_FDCAN1_Init) for MX_FDCAN1_Init
    main.o(i.main) refers to fdcan.o(i.MX_FDCAN2_Init) for MX_FDCAN2_Init
    main.o(i.main) refers to usart.o(i.MX_UART5_Init) for MX_UART5_Init
    main.o(i.main) refers to usart.o(i.MX_UART4_Init) for MX_UART4_Init
    main.o(i.main) refers to tim.o(i.MX_TIM14_Init) for MX_TIM14_Init
    main.o(i.main) refers to spi.o(i.MX_SPI2_Init) for MX_SPI2_Init
    main.o(i.main) refers to hardware_config.o(i.HardwareConfig) for HardwareConfig
    gpio.o(i.MX_GPIO_Init) refers to memseta.o(.text) for __aeabi_memclr4
    gpio.o(i.MX_GPIO_Init) refers to stm32h7xx_hal_gpio.o(i.HAL_GPIO_WritePin) for HAL_GPIO_WritePin
    gpio.o(i.MX_GPIO_Init) refers to stm32h7xx_hal_gpio.o(i.HAL_GPIO_Init) for HAL_GPIO_Init
    dma.o(i.MX_DMA_Init) refers to stm32h7xx_hal_cortex.o(i.HAL_NVIC_SetPriority) for HAL_NVIC_SetPriority
    dma.o(i.MX_DMA_Init) refers to stm32h7xx_hal_cortex.o(i.HAL_NVIC_EnableIRQ) for HAL_NVIC_EnableIRQ
    fdcan.o(i.HAL_FDCAN_MspDeInit) refers to stm32h7xx_hal_gpio.o(i.HAL_GPIO_DeInit) for HAL_GPIO_DeInit
[...]
    __main_after_scatterload                 0x080002d5   Thumb Code     0  entry5.o(.ARM.Collect$$$$00000004)
    _main_clock                              0x080002d5   Thumb Code     0  entry7b.o(.ARM.Collect$$$$00000008)
    _main_cpp_init                           0x080002d5   Thumb Code     0  entry8b.o(.ARM.Collect$$$$0000000A)
    _main_init                               0x080002d5   Thumb Code     0  entry9a.o(.ARM.Collect$$$$0000000B)
    __rt_final_cpp                           0x080002dd   Thumb Code     0  entry10a.o(.ARM.Collect$$$$0000000D)
    __rt_final_exit                          0x080002dd   Thumb Code     0  entry11a.o(.ARM.Collect$$$$0000000F)
    Reset_Handler                            0x080002e1   Thumb Code     8  startup_stm32h723xx.o(.text)
    ADC3_IRQHandler                          0x080002fb   Thumb Code     0  startup_stm32h723xx.o(.text)
    ADC_IRQHandler                           0x080002fb   Thumb Code     0  startup_stm32h723xx.o(.text)
    BDMA_Channel0_IRQHandler                 0x080002fb   Thumb Code     0  startup_stm32h723xx.o(.text)
    BDMA_Channel1_IRQHandler                 0x080002fb   Thumb Code     0  startup_stm32h723xx.o(.text)
    BDMA_Channel2_IRQHandler                 0x080002fb   Thumb Code     0  startup_stm32h723xx.o(.text)
    BDMA_Channel3_IRQHandler                 0x080002fb   Thumb Code     0  startup_stm32h723xx.o(.text)
    BDMA_Channel4_IRQHandler                 0x080002fb   Thumb Code     0  startup_stm32h723xx.o(.text)
    BDMA_Channel5_IRQHandler                 0x080002fb   Thumb Code     0  startup_stm32h723xx.o(.text)
    BDMA_Channel6_IRQHandler                 0x080002fb   Thumb Code     0  startup_stm32h723xx.o(.text)
    BDMA_Channel7_IRQHandler                 0x080002fb   Thumb Code     0  startup_stm32h723xx.o(.text)
    CEC_IRQHandler                           0x080002fb   Thumb Code     0  startup_stm32h723xx.o(.text)
    COMP1_IRQHandler                         0x080002fb   Thumb Code     0  startup_stm32h723xx.o(.text)
    CORDIC_IRQHandler                        0x080002fb   Thumb Code     0  startup_stm32h723xx.o(.text)
    CRS_IRQHandler                           0x080002fb   Thumb Code     0  startup_stm32h723xx.o(.text)
    DCMI_PSSI_IRQHandler                     0x080002fb   Thumb Code     0  startup_stm32h723xx.o(.text)
    DFSDM1_FLT0_IRQHandler                   0x080002fb   Thumb Code     0  startup_stm32h723xx.o(.text)
    DFSDM1_FLT1_IRQHandler                   0x080002fb   Thumb Code     0  startup_stm32h723xx.o(.text)
    DFSDM1_FLT2_IRQHandler                   0x080002fb   Thumb Code     0  startup_stm32h723xx.o(.text)
    DFSDM1_FLT3_IRQHandler                   0x080002fb   Thumb Code     0  startup_stm32h723xx.o(.text)
    DMA1_Stream5_IRQHandler                  0x080002fb   Thumb Code     0  startup_stm32h723xx.o(.text)
    DMA1_Stream6_IRQHandler                  0x080002fb   Thumb Code     0  startup_stm32h723xx.o(.text)
    DMA1_Stream7_IRQHandler                  0x080002fb   Thumb Code     0  startup_stm32h723xx.o(.text)
    DMA2D_IRQHandler                         0x080002fb   Thumb Code     0  startup_stm32h723xx.o(.text)
    DMA2_Stream0_IRQHandler                  0x080002fb   Thumb Code     0  startup_stm32h723xx.o(.text)
    DMA2_Stream1_IRQHandler                  0x080002fb   Thumb Code     0  startup_stm32h723xx.o(.text)
    DMA2_Stream2_IRQHandler                  0x080002fb   Thumb Code     0  startup_stm32h723xx.o(.text)
    DMA2_Stream3_IRQHandler                  0x080002fb   Thumb Code     0  startup_stm32h723xx.o(.text)
    DMA2_Stream4_IRQHandler                  0x080002fb   Thumb Code     0  startup_stm32h723xx.o(.text)
    DMA2_Stream5_IRQHandler                  0x080002fb   Thumb Code     0  startup_stm32h723xx.o(.text)
    DMA2_Stream6_IRQHandler                  0x080002fb   Thumb Code     0  startup_stm32h723xx.o(.text)
    DMA2_Stream7_IRQHandler                  0x080002fb   Thumb Code     0  startup_stm32h723xx.o(.text)
    DMAMUX1_OVR_IRQHandler                   0x080002fb   Thumb Code     0  startup_stm32h723xx.o(.text)
    DMAMUX2_OVR_IRQHandler                   0x080002fb   Thumb Code     0  startup_stm32h723xx.o(.text)
    DTS_IRQHandler                           0x080002fb   Thumb Code     0  startup_stm32h723xx.o(.text)
    ECC_IRQHandler                           0x080002fb   Thumb Code     0  startup_stm32h723xx.o(.text)
    ETH_IRQHandler                           0x080002fb   Thumb Code     0  startup_stm32h723xx.o(.text)
    ETH_WKUP_IRQHandler                      0x080002fb   Thumb Code     0  startup_stm32h723xx.o(.text)
    EXTI0_IRQHandler                         0x080002fb   Thumb Code     0  startup_stm32h723xx.o(.text)
    EXTI15_10_IRQHandler                     0x080002fb   Thumb Code     0  startup_stm32h723xx.o(.text)
    EXTI1_IRQHandler                         0x080002fb   Thumb Code     0  startup_stm32h723xx.o(.text)
    EXTI2_IRQHandler                         0x080002fb   Thumb Code     0  startup_stm32h723xx.o(.text)
    EXTI3_IRQHandler                         0x080002fb   Thumb Code     0  startup_stm32h723xx.o(.text)
    EXTI4_IRQHandler                         0x080002fb   Thumb Code     0  startup_stm32h723xx.o(.text)
    EXTI9_5_IRQHandler                       0x080002fb   Thumb Code     0  startup_stm32h723xx.o(.text)
    FDCAN1_IT1_IRQHandler                    0x080002fb   Thumb Code     0  startup_stm32h723xx.o(.text)
    FDCAN2_IT1_IRQHandler                    0x080002fb   Thumb Code     0  startup_stm32h723xx.o(.text)
    FDCAN3_IT0_IRQHandler                    0x080002fb   Thumb Code     0  startup_stm32h723xx.o(.text)
    FDCAN3_IT1_IRQHandler                    0x080002fb   Thumb Code     0  startup_stm32h723xx.o(.text)
    FDCAN_CAL_IRQHandler                     0x080002fb   Thumb Code     0  startup_stm32h723xx.o(.text)
    FLASH_IRQHandler                         0x080002fb   Thumb Code     0  startup_stm32h723xx.o(.text)
    FMAC_IRQHandler                          0x080002fb   Thumb Code     0  startup_stm32h723xx.o(.text)
    FMC_IRQHandler                           0x080002fb   Thumb Code     0  startup_stm32h723xx.o(.text)
    FPU_IRQHandler                           0x080002fb   Thumb Code     0  startup_stm32h723xx.o(.text)
    HSEM1_IRQHandler                         0x080002fb   Thumb Code     0  startup_stm32h723xx.o(.text)
    I2C1_ER_IRQHandler                       0x080002fb   Thumb Code     0  startup_stm32h723xx.o(.text)
    I2C1_EV_IRQHandler                       0x080002fb   Thumb Code     0  startup_stm32h723xx.o(.text)
    I2C2_ER_IRQHandler                       0x080002fb   Thumb Code     0  startup_stm32h723xx.o(.text)
    I2C2_EV_IRQHandler                       0x080002fb   Thumb Code     0  startup_stm32h723xx.o(.text)
    I2C3_ER_IRQHandler                       0x080002fb   Thumb Code     0  startup_stm32h723xx.o(.text)
    I2C3_EV_IRQHandler                       0x080002fb   Thumb Code     0  startup_stm32h723xx.o(.text)
    I2C4_ER_IRQHandler                       0x080002fb   Thumb Code     0  startup_stm32h723xx.o(.text)
    I2C4_EV_IRQHandler                       0x080002fb   Thumb Code     0  startup_stm32h723xx.o(.text)
    I2C5_ER_IRQHandler                       0x080002fb   Thumb Code     0  startup_stm32h723xx.o(.text)
    I2C5_EV_IRQHandler                       0x080002fb   Thumb Code     0  startup_stm32h723xx.o(.text)
    LPTIM1_IRQHandler                        0x080002fb   Thumb Code     0  startup_stm32h723xx.o(.text)
    LPTIM2_IRQHandler                        0x080002fb   Thumb Code     0  startup_stm32h723xx.o(.text)
    LPTIM3_IRQHandler                        0x080002fb   Thumb Code     0  startup_stm32h723xx.o(.text)
    LPTIM4_IRQHandler                        0x080002fb   Thumb Code     0  startup_stm32h723xx.o(.text)
    LPTIM5_IRQHandler                        0x080002fb   Thumb Code     0  startup_stm32h723xx.o(.text)
    LPUART1_IRQHandler                       0x080002fb   Thumb Code     0  startup_stm32h723xx.o(.text)
    LTDC_ER_IRQHandler                       0x080002fb   Thumb Code     0  startup_stm32h723xx.o(.text)
    LTDC_IRQHandler                          0x080002fb   Thumb Code     0  startup_stm32h723xx.o(.text)
    MDIOS_IRQHandler                         0x080002fb   Thumb Code     0  startup_stm32h723xx.o(.text)
    MDIOS_WKUP_IRQHandler                    0x080002fb   Thumb Code     0  startup_stm32h723xx.o(.text)
    MDMA_IRQHandler                          0x080002fb   Thumb Code     0  startup_stm32h723xx.o(.text)
    OCTOSPI1_IRQHandler                      0x080002fb   Thumb Code     0  startup_stm32h723xx.o(.text)
    OCTOSPI2_IRQHandler                      0x080002fb   Thumb Code     0  startup_stm32h723xx.o(.text)
    OTG_HS_EP1_IN_IRQHandler                 0x080002fb   Thumb Code     0  startup_stm32h723xx.o(.text)
    OTG_HS_EP1_OUT_IRQHandler                0x080002fb   Thumb Code     0  startup_stm32h723xx.o(.text)
    OTG_HS_IRQHandler                        0x080002fb   Thumb Code     0  startup_stm32h723xx.o(.text)
    OTG_HS_WKUP_IRQHandler                   0x080002fb   Thumb Code     0  startup_stm32h723xx.o(.text)
    PVD_AVD_IRQHandler                       0x080002fb   Thumb Code     0  startup_stm32h723xx.o(.text)
    RCC_IRQHandler                           0x080002fb   Thumb Code     0  startup_stm32h723xx.o(.text)
    RNG_IRQHandler                           0x080002fb   Thumb Code     0  startup_stm32h723xx.o(.text)
    RTC_Alarm_IRQHandler                     0x080002fb   Thumb Code     0  startup_stm32h723xx.o(.text)
    RTC_WKUP_IRQHandler                      0x080002fb   Thumb Code     0  startup_stm32h723xx.o(.text)
    SAI1_IRQHandler                          0x080002fb   Thumb Code     0  startup_stm32h723xx.o(.text)
    SAI4_IRQHandler                          0x080002fb   Thumb Code     0  startup_stm32h723xx.o(.text)
    SDMMC1_IRQHandler                        0x080002fb   Thumb Code     0  startup_stm32h723xx.o(.text)
    SDMMC2_IRQHandler                        0x080002fb   Thumb Code     0  startup_stm32h723xx.o(.text)
    SPDIF_RX_IRQHandler                      0x080002fb   Thumb Code     0  startup_stm32h723xx.o(.text)
    SPI1_IRQHandler                          0x080002fb   Thumb Code     0  startup_stm32h723xx.o(.text)
    SPI3_IRQHandler                          0x080002fb   Thumb Code     0  startup_stm32h723xx.o(.text)
    SPI4_IRQHandler                          0x080002fb   Thumb Code     0  startup_stm32h723xx.o(.text)
    SPI5_IRQHandler                          0x080002fb   Thumb Code     0  startup_stm32h723xx.o(.text)
    SPI6_IRQHandler                          0x080002fb   Thumb Code     0  startup_stm32h723xx.o(.text)
    SWPMI1_IRQHandler                        0x080002fb   Thumb Code     0  startup_stm32h723xx.o(.text)
    TAMP_STAMP_IRQHandler                    0x080002fb   Thumb Code     0  startup_stm32h723xx.o(.text)
    TIM15_IRQHandler                         0x080002fb   Thumb Code     0  startup_stm32h723xx.o(.text)
    TIM16_IRQHandler                         0x080002fb   Thumb Code     0  startup_stm32h723xx.o(.text)
    TIM17_IRQHandler                         0x080002fb   Thumb Code     0  startup_stm32h723xx.o(.text)
    TIM1_BRK_IRQHandler                      0x080002fb   Thumb Code     0  startup_stm32h723xx.o(.text)
    TIM1_CC_IRQHandler                       0x080002fb   Thumb Code     0  startup_stm32h723xx.o(.text)
    TIM1_TRG_COM_IRQHandler                  0x080002fb   Thumb Code     0  startup_stm32h723xx.o(.text)
    TIM1_UP_IRQHandler                       0x080002fb   Thumb Code     0  startup_stm32h723xx.o(.text)
    TIM23_IRQHandler                         0x080002fb   Thumb Code     0  startup_stm32h723xx.o(.text)
    TIM24_IRQHandler                         0x080002fb   Thumb Code     0  startup_stm32h723xx.o(.text)
    TIM2_IRQHandler                          0x080002fb   Thumb Code     0  startup_stm32h723xx.o(.text)
    TIM3_IRQHandler                          0x080002fb   Thumb Code     0  startup_stm32h723xx.o(.text)
    TIM4_IRQHandler                          0x080002fb   Thumb Code     0  startup_stm32h723xx.o(.text)
    TIM5_IRQHandler                          0x080002fb   Thumb Code     0  startup_stm32h723xx.o(.text)
    TIM6_DAC_IRQHandler                      0x080002fb   Thumb Code     0  startup_stm32h723xx.o(.text)
    TIM7_IRQHandler                          0x080002fb   Thumb Code     0  startup_stm32h723xx.o(.text)
    TIM8_BRK_TIM12_IRQHandler                0x080002fb   Thumb Code     0  startup_stm32h723xx.o(.text)
    TIM8_CC_IRQHandler                       0x080002fb   Thumb Code     0  startup_stm32h723xx.o(.text)
    TIM8_UP_TIM13_IRQHandler                 0x080002fb   Thumb Code     0  startup_stm32h723xx.o(.text)
    UART7_IRQHandler                         0x080002fb   Thumb Code     0  startup_stm32h723xx.o(.text)
    UART8_IRQHandler                         0x080002fb   Thumb Code     0  startup_stm32h723xx.o(.text)
    UART9_IRQHandler                         0x080002fb   Thumb Code     0  startup_stm32h723xx.o(.text)
    USART10_IRQHandler                       0x080002fb   Thumb Code     0  startup_stm32h723xx.o(.text)
    USART1_IRQHandler                        0x080002fb   Thumb Code     0  startup_stm32h723xx.o(.text)
    USART2_IRQHandler                        0x080002fb   Thumb Code     0  startup_stm32h723xx.o(.text)
    USART3_IRQHandler                        0x080002fb   Thumb Code     0  startup_stm32h723xx.o(.text)
    USART6_IRQHandler                        0x080002fb   Thumb Code     0  startup_stm32h723xx.o(.text)
    WAKEUP_PIN_IRQHandler                    0x080002fb   Thumb Code     0  startup_stm32h723xx.o(.text)
    WWDG_IRQHandler                          0x080002fb   Thumb Code     0  startup_stm32h723xx.o(.text)
    __aeabi_uldivmod                         0x08000305   Thumb Code    98  uldiv.o(.text)
    __aeabi_memcpy                           0x08000367   Thumb Code    36  memcpya.o(.text)
    __aeabi_memcpy4                          0x08000367   Thumb Code     0  memcpya.o(.text)
    __aeabi_memcpy8                          0x08000367   Thumb Code     0  memcpya.o(.text)
    __aeabi_memset                           0x0800038b   Thumb Code    14  memseta.o(.text)
    __aeabi_memset4                          0x0800038b   Thumb Code     0  memseta.o(.text)
    __aeabi_memset8                          0x0800038b   Thumb Code     0  memseta.o(.text)
    __aeabi_memclr                           0x08000399   Thumb Code     4  memseta.o(.text)
    __aeabi_memclr4                          0x08000399   Thumb Code     0  memseta.o(.text)
    __aeabi_memclr8                          0x08000399   Thumb Code     0  memseta.o(.text)
    _memset$wrapper                          0x0800039d   Thumb Code    18  memseta.o(.text)
    __aeabi_llsl                             0x080003af   Thumb Code    30  llshl.o(.text)
    _ll_shift_l                              0x080003af   Thumb Code     0  llshl.o(.text)
    __aeabi_llsr                             0x080003cd   Thumb Code    32  llushr.o(.text)
    _ll_ushift_r                             0x080003cd   Thumb Code     0  llushr.o(.text)
    __I$use$fp                               0x080003ed   Thumb Code     0  iusefp.o(.text)
    __scatterload                            0x080003ed   Thumb Code    28  init.o(.text)
    __scatterload_rt2                        0x080003ed   Thumb Code     0  init.o(.text)
    __decompress                             0x08000411   Thumb Code     0  __dczerorl2.o(.text)
    __decompress1                            0x08000411   Thumb Code    86  __dczerorl2.o(.text)
    arm_cos_f32                              0x08000469   Thumb Code   144  arm_cos_f32.o(.text.arm_cos_f32)
    arm_mat_add_f32                          0x080004f9   Thumb Code   190  arm_mat_add_f32.o(.text.arm_mat_add_f32)
    arm_mat_init_f32                         0x080005b7   Thumb Code     8  arm_mat_init_f32.o(.text.arm_mat_init_f32)
    arm_mat_inverse_f32                      0x080005c1   Thumb Code   716  arm_mat_inverse_f32.o(.text.arm_mat_inverse_f32)
    arm_mat_mult_f32                         0x0800088d   Thumb Code   304  arm_mat_mult_f32.o(.text.arm_mat_mult_f32)
    arm_mat_sub_f32                          0x080009bd   Thumb Code   190  arm_mat_sub_f32.o(.text.arm_mat_sub_f32)
    arm_mat_trans_f32                        0x08000a7d   Thumb Code   180  arm_mat_trans_f32.o(.text.arm_mat_trans_f32)
    arm_sin_f32                              0x08000b31   Thumb Code   140  arm_sin_f32.o(.text.arm_sin_f32)
    BMI088_ACCEL_NS_H                        0x08000bbd   Thumb Code    14  bmi088middleware.o(i.BMI088_ACCEL_NS_H)
    BMI088_ACCEL_NS_L                        0x08000bd1   Thumb Code    14  bmi088middleware.o(i.BMI088_ACCEL_NS_L)
    BMI088_GYRO_NS_H                         0x08000be5   Thumb Code    14  bmi088middleware.o(i.BMI088_GYRO_NS_H)
    BMI088_GYRO_NS_L                         0x08000bf9   Thumb Code    14  bmi088middleware.o(i.BMI088_GYRO_NS_L)
    BMI088_Read                              0x08000c0d   Thumb Code   794  bmi088driver.o(i.BMI088_Read)
    BMI088_init                              0x08000f3d   Thumb Code   142  bmi088driver.o(i.BMI088_init)
    BMI088_read_write_byte                   0x0800103d   Thumb Code    30  bmi088middleware.o(i.BMI088_read_write_byte)
    BasePID_Init                             0x08001075   Thumb Code    42  pid.o(i.BasePID_Init)
    BasePID_PositionControl                  0x080010a5   Thumb Code   176  pid.o(i.BasePID_PositionControl)
    BodyFrameToEarthFrame                    0x08001159   Thumb Code   346  ins.o(i.BodyFrameToEarthFrame)
    BusFault_Handler                         0x080012b3   Thumb Code     4  stm32h7xx_it.o(i.BusFault_Handler)
    ChassisL_init                            0x0800192d   Thumb Code   164  chassis_l.o(i.ChassisL_init)
    ChassisL_task                            0x080019e5   Thumb Code    40  chassis_l.o(i.ChassisL_task)
    ChassisR_init                            0x08001a21   Thumb Code   218  chassis_r.o(i.ChassisR_init)
    ChassisR_task                            0x08001b21   Thumb Code    70  chassis_r.o(i.ChassisR_task)
    DMA1_Stream0_IRQHandler                  0x08001b89   Thumb Code    10  stm32h7xx_it.o(i.DMA1_Stream0_IRQHandler)
    DMA1_Stream1_IRQHandler                  0x08001b99   Thumb Code    10  stm32h7xx_it.o(i.DMA1_Stream1_IRQHandler)
    DMA1_Stream2_IRQHandler                  0x08001ba9   Thumb Code    10  stm32h7xx_it.o(i.DMA1_Stream2_IRQHandler)
    DMA1_Stream3_IRQHandler                  0x08001bb9   Thumb Code    10  stm32h7xx_it.o(i.DMA1_Stream3_IRQHandler)
    DMA1_Stream4_IRQHandler                  0x08001bc9   Thumb Code    10  stm32h7xx_it.o(i.DMA1_Stream4_IRQHandler)
    DR16_DataUnpack                          0x08002145   Thumb Code   522  r9ds.o(i.DR16_DataUnpack)
    DWT_Delay                                0x08002385   Thumb Code    50  bsp_dwt.o(i.DWT_Delay)
    DWT_GetDeltaT                            0x080023c1   Thumb Code    68  bsp_dwt.o(i.DWT_GetDeltaT)
    DWT_GetTimeline_s                        0x0800240d   Thumb Code    72  bsp_dwt.o(i.DWT_GetTimeline_s)
    DWT_Init                                 0x08002461   Thumb Code    74  bsp_dwt.o(i.DWT_Init)
    DWT_SysTimeUpdate                        0x080024c9   Thumb Code   168  bsp_dwt.o(i.DWT_SysTimeUpdate)
    DebugMon_Handler                         0x08002599   Thumb Code     2  stm32h7xx_it.o(i.DebugMon_Handler)
    EarthFrameToBodyFrame                    0x0800259b   Thumb Code   346  ins.o(i.EarthFrameToBodyFrame)
    Error_Handler                            0x080026f5   Thumb Code     6  main.o(i.Error_Handler)
    FDCAN1_Config                            0x080026fd   Thumb Code    92  can_bsp.o(i.FDCAN1_Config)
    FDCAN1_IT0_IRQHandler                    0x0800275d   Thumb Code    10  stm32h7xx_it.o(i.FDCAN1_IT0_IRQHandler)
    FDCAN2_Config                            0x0800276d   Thumb Code    92  can_bsp.o(i.FDCAN2_Config)
    FDCAN2_IT0_IRQHandler                    0x080027cd   Thumb Code    10  stm32h7xx_it.o(i.FDCAN2_IT0_IRQHandler)
    HAL_DMA_Abort                            0x08002ad1   Thumb Code  1236  stm32h7xx_hal_dma.o(i.HAL_DMA_Abort)
    HAL_DMA_Abort_IT                         0x08002fad   Thumb Code   906  stm32h7xx_hal_dma.o(i.HAL_DMA_Abort_IT)
    HAL_DMA_GetError                         0x08003345   Thumb Code     6  stm32h7xx_hal_dma.o(i.HAL_DMA_GetError)
    HAL_DMA_IRQHandler                       0x0800334d   Thumb Code  2798  stm32h7xx_hal_dma.o(i.HAL_DMA_IRQHandler)
    HAL_DMA_Init                             0x08003e45   Thumb Code  1292  stm32h7xx_hal_dma.o(i.HAL_DMA_Init)
    HAL_DMA_Start_IT                         0x08004359   Thumb Code   980  stm32h7xx_hal_dma.o(i.HAL_DMA_Start_IT)
    HAL_Delay                                0x08004739   Thumb Code    36  stm32h7xx_hal.o(i.HAL_Delay)
    HAL_FDCAN_ActivateNotification           0x08004761   Thumb Code   158  stm32h7xx_hal_fdcan.o(i.HAL_FDCAN_ActivateNotification)
    HAL_FDCAN_AddMessageToTxFifoQ            0x08004809   Thumb Code   144  stm32h7xx_hal_fdcan.o(i.HAL_FDCAN_AddMessageToTxFifoQ)
    HAL_FDCAN_ClockCalibrationCallback       0x08004899   Thumb Code     2  stm32h7xx_hal_fdcan.o(i.HAL_FDCAN_ClockCalibrationCallback)
    HAL_FDCAN_ConfigFilter                   0x0800489b   Thumb Code   168  stm32h7xx_hal_fdcan.o(i.HAL_FDCAN_ConfigFilter)
    HAL_FDCAN_ConfigGlobalFilter             0x08004943   Thumb Code    52  stm32h7xx_hal_fdcan.o(i.HAL_FDCAN_ConfigGlobalFilter)
    HAL_FDCAN_ErrorCallback                  0x08004977   Thumb Code     2  stm32h7xx_hal_fdcan.o(i.HAL_FDCAN_ErrorCallback)
    HAL_FDCAN_ErrorStatusCallback            0x08004979   Thumb Code     2  stm32h7xx_hal_fdcan.o(i.HAL_FDCAN_ErrorStatusCallback)
    HAL_FDCAN_GetRxMessage                   0x0800497d   Thumb Code   496  stm32h7xx_hal_fdcan.o(i.HAL_FDCAN_GetRxMessage)
    HAL_FDCAN_HighPriorityMessageCallback    0x08004b71   Thumb Code     2  stm32h7xx_hal_fdcan.o(i.HAL_FDCAN_HighPriorityMessageCallback)
    HAL_FDCAN_IRQHandler                     0x08004b75   Thumb Code   966  stm32h7xx_hal_fdcan.o(i.HAL_FDCAN_IRQHandler)
    HAL_FDCAN_Init                           0x08004f49   Thumb Code   726  stm32h7xx_hal_fdcan.o(i.HAL_FDCAN_Init)
    HAL_FDCAN_MspInit                        0x08005229   Thumb Code   276  fdcan.o(i.HAL_FDCAN_MspInit)
    HAL_FDCAN_RxBufferNewMessageCallback     0x08005355   Thumb Code     2  stm32h7xx_hal_fdcan.o(i.HAL_FDCAN_RxBufferNewMessageCallback)
    HAL_FDCAN_RxFifo0Callback                0x08005359   Thumb Code   108  can_bsp.o(i.HAL_FDCAN_RxFifo0Callback)
    HAL_FDCAN_RxFifo1Callback                0x080053d5   Thumb Code   108  can_bsp.o(i.HAL_FDCAN_RxFifo1Callback)
    HAL_FDCAN_Start                          0x08005451   Thumb Code    52  stm32h7xx_hal_fdcan.o(i.HAL_FDCAN_Start)
    HAL_FDCAN_TT_GlobalTimeCallback          0x08005485   Thumb Code     2  stm32h7xx_hal_fdcan.o(i.HAL_FDCAN_TT_GlobalTimeCallback)
    HAL_FDCAN_TT_ScheduleSyncCallback        0x08005487   Thumb Code     2  stm32h7xx_hal_fdcan.o(i.HAL_FDCAN_TT_ScheduleSyncCallback)
    HAL_FDCAN_TT_StopWatchCallback           0x08005489   Thumb Code     2  stm32h7xx_hal_fdcan.o(i.HAL_FDCAN_TT_StopWatchCallback)
    HAL_FDCAN_TT_TimeMarkCallback            0x0800548b   Thumb Code     2  stm32h7xx_hal_fdcan.o(i.HAL_FDCAN_TT_TimeMarkCallback)
    HAL_FDCAN_TimeoutOccurredCallback        0x0800548d   Thumb Code     2  stm32h7xx_hal_fdcan.o(i.HAL_FDCAN_TimeoutOccurredCallback)
    HAL_FDCAN_TimestampWraparoundCallback    0x0800548f   Thumb Code     2  stm32h7xx_hal_fdcan.o(i.HAL_FDCAN_TimestampWraparoundCallback)
    HAL_FDCAN_TxBufferAbortCallback          0x08005491   Thumb Code     2  stm32h7xx_hal_fdcan.o(i.HAL_FDCAN_TxBufferAbortCallback)
    HAL_FDCAN_TxBufferCompleteCallback       0x08005493   Thumb Code     2  stm32h7xx_hal_fdcan.o(i.HAL_FDCAN_TxBufferCompleteCallback)
    HAL_FDCAN_TxEventFifoCallback            0x08005495   Thumb Code     2  stm32h7xx_hal_fdcan.o(i.HAL_FDCAN_TxEventFifoCallback)
    HAL_FDCAN_TxFifoEmptyCallback            0x08005497   Thumb Code     2  stm32h7xx_hal_fdcan.o(i.HAL_FDCAN_TxFifoEmptyCallback)
    HAL_GPIO_Init                            0x08005499   Thumb Code   446  stm32h7xx_hal_gpio.o(i.HAL_GPIO_Init)
    HAL_GPIO_WritePin                        0x08005689   Thumb Code    12  stm32h7xx_hal_gpio.o(i.HAL_GPIO_WritePin)
    HAL_GetTick                              0x08005695   Thumb Code     6  stm32h7xx_hal.o(i.HAL_GetTick)
    HAL_IncTick                              0x080056a1   Thumb Code    16  stm32h7xx_hal.o(i.HAL_IncTick)
    HAL_Init                                 0x080056b9   Thumb Code    80  stm32h7xx_hal.o(i.HAL_Init)
    HAL_InitTick                             0x08005719   Thumb Code    74  stm32h7xx_hal.o(i.HAL_InitTick)
    HAL_MspInit                              0x08005771   Thumb Code    32  stm32h7xx_hal_msp.o(i.HAL_MspInit)
    HAL_NVIC_EnableIRQ                       0x08005795   Thumb Code    40  stm32h7xx_hal_cortex.o(i.HAL_NVIC_EnableIRQ)
    HAL_NVIC_SetPriority                     0x080057bd   Thumb Code   122  stm32h7xx_hal_cortex.o(i.HAL_NVIC_SetPriority)
    HAL_NVIC_SetPriorityGrouping             0x08005839   Thumb Code    32  stm32h7xx_hal_cortex.o(i.HAL_NVIC_SetPriorityGrouping)
    HAL_PWREx_ConfigSupply                   0x08005861   Thumb Code    90  stm32h7xx_hal_pwr_ex.o(i.HAL_PWREx_ConfigSupply)
    HAL_RCCEx_GetD3PCLK1Freq                 0x080058c1   Thumb Code    26  stm32h7xx_hal_rcc_ex.o(i.HAL_RCCEx_GetD3PCLK1Freq)
    HAL_RCCEx_GetPLL2ClockFreq               0x080058e5   Thumb Code   536  stm32h7xx_hal_rcc_ex.o(i.HAL_RCCEx_GetPLL2ClockFreq)
    HAL_RCCEx_GetPLL3ClockFreq               0x08005b15   Thumb Code   536  stm32h7xx_hal_rcc_ex.o(i.HAL_RCCEx_GetPLL3ClockFreq)
    HAL_RCCEx_PeriphCLKConfig                0x08005d45   Thumb Code  3272  stm32h7xx_hal_rcc_ex.o(i.HAL_RCCEx_PeriphCLKConfig)
    HAL_RCC_ClockConfig                      0x08006a0d   Thumb Code   774  stm32h7xx_hal_rcc.o(i.HAL_RCC_ClockConfig)
    HAL_RCC_GetHCLKFreq                      0x08006d2d   Thumb Code    60  stm32h7xx_hal_rcc.o(i.HAL_RCC_GetHCLKFreq)
    HAL_RCC_GetPCLK1Freq                     0x08006d79   Thumb Code    26  stm32h7xx_hal_rcc.o(i.HAL_RCC_GetPCLK1Freq)
    HAL_RCC_GetPCLK2Freq                     0x08006d9d   Thumb Code    26  stm32h7xx_hal_rcc.o(i.HAL_RCC_GetPCLK2Freq)
    HAL_RCC_GetSysClockFreq                  0x08006dc1   Thumb Code   524  stm32h7xx_hal_rcc.o(i.HAL_RCC_GetSysClockFreq)
    HAL_RCC_OscConfig                        0x08006fed   Thumb Code  1874  stm32h7xx_hal_rcc.o(i.HAL_RCC_OscConfig)
    HAL_SPI_ErrorCallback                    0x08007749   Thumb Code     2  stm32h7xx_hal_spi.o(i.HAL_SPI_ErrorCallback)
    HAL_SPI_IRQHandler                       0x0800774d   Thumb Code   654  stm32h7xx_hal_spi.o(i.HAL_SPI_IRQHandler)
    HAL_SPI_Init                             0x080079e1   Thumb Code   420  stm32h7xx_hal_spi.o(i.HAL_SPI_Init)
    HAL_SPI_MspInit                          0x08007b91   Thumb Code   344  spi.o(i.HAL_SPI_MspInit)
    HAL_SPI_RxCpltCallback                   0x08007d05   Thumb Code     2  stm32h7xx_hal_spi.o(i.HAL_SPI_RxCpltCallback)
    HAL_SPI_SuspendCallback                  0x08007d07   Thumb Code     2  stm32h7xx_hal_spi.o(i.HAL_SPI_SuspendCallback)
    HAL_SPI_TransmitReceive                  0x08007d09   Thumb Code   770  stm32h7xx_hal_spi.o(i.HAL_SPI_TransmitReceive)
    HAL_SPI_TxCpltCallback                   0x0800800b   Thumb Code     2  stm32h7xx_hal_spi.o(i.HAL_SPI_TxCpltCallback)
    HAL_SPI_TxRxCpltCallback                 0x0800800d   Thumb Code     2  stm32h7xx_hal_spi.o(i.HAL_SPI_TxRxCpltCallback)
    HAL_SYSTICK_Config                       0x0800800f   Thumb Code    52  stm32h7xx_hal_cortex.o(i.HAL_SYSTICK_Config)
    HAL_TIMEx_Break2Callback                 0x08008043   Thumb Code     2  stm32h7xx_hal_tim_ex.o(i.HAL_TIMEx_Break2Callback)
    HAL_TIMEx_BreakCallback                  0x08008045   Thumb Code     2  stm32h7xx_hal_tim_ex.o(i.HAL_TIMEx_BreakCallback)
    HAL_TIMEx_CommutCallback                 0x08008047   Thumb Code     2  stm32h7xx_hal_tim_ex.o(i.HAL_TIMEx_CommutCallback)
    HAL_TIM_Base_Init                        0x08008049   Thumb Code   110  stm32h7xx_hal_tim.o(i.HAL_TIM_Base_Init)
    HAL_TIM_Base_MspInit                     0x080080b9   Thumb Code    58  tim.o(i.HAL_TIM_Base_MspInit)
    HAL_TIM_Base_Start_IT                    0x080080fd   Thumb Code   162  stm32h7xx_hal_tim.o(i.HAL_TIM_Base_Start_IT)
    HAL_TIM_IC_CaptureCallback               0x080081c9   Thumb Code     2  stm32h7xx_hal_tim.o(i.HAL_TIM_IC_CaptureCallback)
    HAL_TIM_IRQHandler                       0x080081cb   Thumb Code   440  stm32h7xx_hal_tim.o(i.HAL_TIM_IRQHandler)
    HAL_TIM_OC_DelayElapsedCallback          0x08008383   Thumb Code     2  stm32h7xx_hal_tim.o(i.HAL_TIM_OC_DelayElapsedCallback)
    HAL_TIM_PWM_PulseFinishedCallback        0x08008385   Thumb Code     2  stm32h7xx_hal_tim.o(i.HAL_TIM_PWM_PulseFinishedCallback)
    HAL_TIM_PeriodElapsedCallback            0x08008389   Thumb Code   508  control_logic.o(i.HAL_TIM_PeriodElapsedCallback)
    HAL_TIM_TriggerCallback                  0x080085ad   Thumb Code     2  stm32h7xx_hal_tim.o(i.HAL_TIM_TriggerCallback)
    HAL_UARTEx_DisableFifoMode               0x080085af   Thumb Code    78  stm32h7xx_hal_uart_ex.o(i.HAL_UARTEx_DisableFifoMode)
    HAL_UARTEx_RxEventCallback               0x080085fd   Thumb Code     2  stm32h7xx_hal_uart.o(i.HAL_UARTEx_RxEventCallback)
    HAL_UARTEx_RxFifoFullCallback            0x080085ff   Thumb Code     2  stm32h7xx_hal_uart_ex.o(i.HAL_UARTEx_RxFifoFullCallback)
    HAL_UARTEx_SetRxFifoThreshold            0x08008601   Thumb Code    94  stm32h7xx_hal_uart_ex.o(i.HAL_UARTEx_SetRxFifoThreshold)
    HAL_UARTEx_SetTxFifoThreshold            0x0800865f   Thumb Code    94  stm32h7xx_hal_uart_ex.o(i.HAL_UARTEx_SetTxFifoThreshold)
    HAL_UARTEx_TxFifoEmptyCallback           0x080086bd   Thumb Code     2  stm32h7xx_hal_uart_ex.o(i.HAL_UARTEx_TxFifoEmptyCallback)
    HAL_UARTEx_WakeupCallback                0x080086bf   Thumb Code     2  stm32h7xx_hal_uart_ex.o(i.HAL_UARTEx_WakeupCallback)
    HAL_UART_DMAStop                         0x080086c1   Thumb Code   190  stm32h7xx_hal_uart.o(i.HAL_UART_DMAStop)
    HAL_UART_ErrorCallback                   0x0800877f   Thumb Code     2  stm32h7xx_hal_uart.o(i.HAL_UART_ErrorCallback)
    HAL_UART_IRQHandler                      0x08008781   Thumb Code  1172  stm32h7xx_hal_uart.o(i.HAL_UART_IRQHandler)
    HAL_UART_Init                            0x08008c15   Thumb Code   120  stm32h7xx_hal_uart.o(i.HAL_UART_Init)
    HAL_UART_MspInit                         0x08008c8d   Thumb Code   550  usart.o(i.HAL_UART_MspInit)
    HAL_UART_Receive_DMA                     0x08008edd   Thumb Code    88  stm32h7xx_hal_uart.o(i.HAL_UART_Receive_DMA)
    HAL_UART_RxCpltCallback                  0x08008f39   Thumb Code    20  r9ds.o(i.HAL_UART_RxCpltCallback)
    HAL_UART_RxHalfCpltCallback              0x08008f55   Thumb Code     2  stm32h7xx_hal_uart.o(i.HAL_UART_RxHalfCpltCallback)
    HAL_UART_TxCpltCallback                  0x08008f57   Thumb Code     2  stm32h7xx_hal_uart.o(i.HAL_UART_TxCpltCallback)
    HardFault_Handler                        0x08009089   Thumb Code     4  stm32h7xx_it.o(i.HardFault_Handler)
    HardwareConfig                           0x0800908d   Thumb Code   136  hardware_config.o(i.HardwareConfig)
    INS_Init                                 0x08009139   Thumb Code    32  ins.o(i.INS_Init)
    INS_task                                 0x0800916d   Thumb Code   722  ins.o(i.INS_task)
    Kalman_Filter_Init                       0x08009481   Thumb Code  1800  kalman_filter.o(i.Kalman_Filter_Init)
    Kalman_Filter_Measure                    0x08009b8d   Thumb Code    74  kalman_filter.o(i.Kalman_Filter_Measure)
    Kalman_Filter_P_Update                   0x08009bdd   Thumb Code   104  kalman_filter.o(i.Kalman_Filter_P_Update)
    Kalman_Filter_PminusUpdate               0x08009c45   Thumb Code   104  kalman_filter.o(i.Kalman_Filter_PminusUpdate)
    Kalman_Filter_SetK                       0x08009cad   Thumb Code   210  kalman_filter.o(i.Kalman_Filter_SetK)
    Kalman_Filter_Update                     0x08009d81   Thumb Code   294  kalman_filter.o(i.Kalman_Filter_Update)
    Kalman_Filter_xhatMinusUpdate            0x08009ead   Thumb Code   124  kalman_filter.o(i.Kalman_Filter_xhatMinusUpdate)
    Kalman_Filter_xhatUpdate                 0x08009f29   Thumb Code   134  kalman_filter.o(i.Kalman_Filter_xhatUpdate)
    LQR_K_calc                               0x08009faf   Thumb Code    50  vmc_calc.o(i.LQR_K_calc)
    MX_DMA_Init                              0x08009fe1   Thumb Code   112  dma.o(i.MX_DMA_Init)
    MX_FDCAN1_Init                           0x0800a055   Thumb Code   120  fdcan.o(i.MX_FDCAN1_Init)
    MX_FDCAN2_Init                           0x0800a0d5   Thumb Code   118  fdcan.o(i.MX_FDCAN2_Init)
    MX_GPIO_Init                             0x0800a155   Thumb Code   400  gpio.o(i.MX_GPIO_Init)
    MX_SPI2_Init                             0x0800a2fd   Thumb Code    90  spi.o(i.MX_SPI2_Init)
    MX_TIM14_Init                            0x0800a361   Thumb Code    42  tim.o(i.MX_TIM14_Init)
    MX_UART4_Init                            0x0800a395   Thumb Code    98  usart.o(i.MX_UART4_Init)
    MX_UART5_Init                            0x0800a401   Thumb Code   102  usart.o(i.MX_UART5_Init)
    MemManage_Handler                        0x0800a475   Thumb Code     4  stm32h7xx_it.o(i.MemManage_Handler)
    NMI_Handler                              0x0800a479   Thumb Code     4  stm32h7xx_it.o(i.NMI_Handler)
    Observe_task                             0x0800a47d   Thumb Code   336  observe.o(i.Observe_task)
    PendSV_Handler                           0x0800a605   Thumb Code     2  stm32h7xx_it.o(i.PendSV_Handler)
    PeriphCommonClock_Config                 0x0800a607   Thumb Code    72  main.o(i.PeriphCommonClock_Config)
    R9DS_Init                                0x0800a651   Thumb Code    48  r9ds.o(i.R9DS_Init)
    R9DS_Task                                0x0800a689   Thumb Code   496  r9ds_task.o(i.R9DS_Task)
    R9DS_callback                            0x0800a8cd   Thumb Code    66  r9ds.o(i.R9DS_callback)
    RotationMatrix_update                    0x0800abe9   Thumb Code   302  mahony_filter.o(i.RotationMatrix_update)
    SPI2_IRQHandler                          0x0800ad19   Thumb Code    10  stm32h7xx_it.o(i.SPI2_IRQHandler)
    SVC_Handler                              0x0800ae77   Thumb Code     2  stm32h7xx_it.o(i.SVC_Handler)
    SysTick_Handler                          0x0800ae79   Thumb Code     8  stm32h7xx_it.o(i.SysTick_Handler)
    SystemClock_Config                       0x0800ae81   Thumb Code   176  main.o(i.SystemClock_Config)
    SystemInit                               0x0800af35   Thumb Code   192  system_stm32h7xx.o(i.SystemInit)
    TIM8_TRG_COM_TIM14_IRQHandler            0x0800b015   Thumb Code    10  stm32h7xx_it.o(i.TIM8_TRG_COM_TIM14_IRQHandler)
    TIM_Base_SetConfig                       0x0800b025   Thumb Code   182  stm32h7xx_hal_tim.o(i.TIM_Base_SetConfig)
    UART4_IRQHandler                         0x0800b105   Thumb Code    10  stm32h7xx_it.o(i.UART4_IRQHandler)
    UART5_IRQHandler                         0x0800b115   Thumb Code    10  stm32h7xx_it.o(i.UART5_IRQHandler)
    UART_AdvFeatureConfig                    0x0800b17d   Thumb Code   248  stm32h7xx_hal_uart.o(i.UART_AdvFeatureConfig)
    UART_CheckIdleState                      0x0800b275   Thumb Code   234  stm32h7xx_hal_uart.o(i.UART_CheckIdleState)
    UART_SetConfig                           0x0800b585   Thumb Code  1558  stm32h7xx_hal_uart.o(i.UART_SetConfig)
    UART_Start_Receive_DMA                   0x0800bbad   Thumb Code   186  stm32h7xx_hal_uart.o(i.UART_Start_Receive_DMA)
    UART_WaitOnFlagUntilTimeout              0x0800bc75   Thumb Code   162  stm32h7xx_hal_uart.o(i.UART_WaitOnFlagUntilTimeout)
    UsageFault_Handler                       0x0800bd17   Thumb Code     4  stm32h7xx_it.o(i.UsageFault_Handler)
    VMC_calc_1_left                          0x0800bd1d   Thumb Code   908  vmc_calc.o(i.VMC_calc_1_left)
    VMC_calc_1_right                         0x0800c0b9   Thumb Code   892  vmc_calc.o(i.VMC_calc_1_right)
    VMC_calc_2                               0x0800c445   Thumb Code   406  vmc_calc.o(i.VMC_calc_2)
    VMC_init                                 0x0800c5dd   Thumb Code    42  vmc_calc.o(i.VMC_init)
    __ARM_fpclassifyf                        0x0800c615   Thumb Code    38  fpclassifyf.o(i.__ARM_fpclassifyf)
    __hardfp_asinf                           0x0800c675   Thumb Code   258  asinf.o(i.__hardfp_asinf)
    __hardfp_atan2f                          0x0800c7ad   Thumb Code   502  atan2f.o(i.__hardfp_atan2f)
    __hardfp_sqrt                            0x0800ca05   Thumb Code   102  sqrt.o(i.__hardfp_sqrt)
    __hardfp_sqrtf                           0x0800ca6b   Thumb Code    58  sqrtf.o(i.__hardfp_sqrtf)
    __mathlib_flt_infnan                     0x0800caa5   Thumb Code     6  funder.o(i.__mathlib_flt_infnan)
    __mathlib_flt_infnan2                    0x0800caab   Thumb Code     6  funder.o(i.__mathlib_flt_infnan2)
    __mathlib_flt_invalid                    0x0800cab1   Thumb Code    10  funder.o(i.__mathlib_flt_invalid)
    __mathlib_flt_underflow                  0x0800cac1   Thumb Code    10  funder.o(i.__mathlib_flt_underflow)
    __scatterload_copy                       0x0800cad1   Thumb Code    14  handlers.o(i.__scatterload_copy)
    __scatterload_null                       0x0800cadf   Thumb Code     2  handlers.o(i.__scatterload_null)
    __scatterload_zeroinit                   0x0800cae1   Thumb Code    14  handlers.o(i.__scatterload_zeroinit)
    __set_errno                              0x0800caf1   Thumb Code     6  errno.o(i.__set_errno)
    bmi088_accel_init                        0x0800cafd   Thumb Code   348  bmi088driver.o(i.bmi088_accel_init)
    bmi088_gyro_init                         0x0800cc69   Thumb Code   284  bmi088driver.o(i.bmi088_gyro_init)
    canx_send_data                           0x0800cd99   Thumb Code   128  can_bsp.o(i.canx_send_data)
    chassisL_control_loop                    0x0800ce19   Thumb Code   672  chassis_l.o(i.chassisL_control_loop)
    chassisL_feedback_update                 0x0800d0d9   Thumb Code    66  chassis_l.o(i.chassisL_feedback_update)
    chassisR_control_loop                    0x0800d125   Thumb Code   756  chassis_r.o(i.chassisR_control_loop)
    chassisR_feedback_update                 0x0800d439   Thumb Code   134  chassis_r.o(i.chassisR_feedback_update)
    dm4310_fbdata                            0x0800d4d5   Thumb Code   154  dm4310_drv.o(i.dm4310_fbdata)
    dm6215_fbdata                            0x0800d571   Thumb Code   154  dm4310_drv.o(i.dm6215_fbdata)
    enable_motor_mode                        0x0800d615   Thumb Code    66  dm4310_drv.o(i.enable_motor_mode)
    float_to_uint                            0x0800d661   Thumb Code    50  dm4310_drv.o(i.float_to_uint)
    ground_detectionL                        0x0800d693   Thumb Code   100  vmc_calc.o(i.ground_detectionL)
    ground_detectionR                        0x0800d6f7   Thumb Code   100  vmc_calc.o(i.ground_detectionR)
    joint_motor_init                         0x0800d75b   Thumb Code     6  dm4310_drv.o(i.joint_motor_init)
    jump_key                                 0x0800d761   Thumb Code     2  r9ds_task.o(i.jump_key)
    mahony_init                              0x0800d765   Thumb Code    40  mahony_filter.o(i.mahony_init)
    mahony_input                             0x0800d79d   Thumb Code    30  mahony_filter.o(i.mahony_input)
    mahony_output                            0x0800d7bb   Thumb Code    74  mahony_filter.o(i.mahony_output)
    mahony_update                            0x0800d805   Thumb Code   646  mahony_filter.o(i.mahony_update)
    main                                     0x0800da8b   Thumb Code    52  main.o(i.main)
    malloc                                   0x0800dac1   Thumb Code    92  malloc.o(i.malloc)
    mit_ctrl                                 0x0800db2d   Thumb Code   232  dm4310_drv.o(i.mit_ctrl)
    mit_ctrl2                                0x0800dc1d   Thumb Code   232  dm4310_drv.o(i.mit_ctrl2)
    mySaturate                               0x0800dd15   Thumb Code    40  chassis_r.o(i.mySaturate)
    slope_following                          0x0800dd3d   Thumb Code   116  user_lib.o(i.slope_following)
    sqrtf                                    0x0800ddb1   Thumb Code    62  sqrtf.o(i.sqrtf)
    uint_to_float                            0x0800ddef   Thumb Code    52  dm4310_drv.o(i.uint_to_float)
    wheel_motor_init                         0x0800de23   Thumb Code     6  dm4310_drv.o(i.wheel_motor_init)
    xvEstimateKF_Init                        0x0800de29   Thumb Code    96  observe.o(i.xvEstimateKF_Init)
    xvEstimateKF_Update                      0x0800de9d   Thumb Code    68  observe.o(i.xvEstimateKF_Update)
    UARTPrescTable                           0x0800df48   Data          24  stm32h7xx_hal_uart.o(.constdata)
    D1CorePrescTable                         0x0800df70   Data          16  system_stm32h7xx.o(.constdata)
    vaEstimateKF_H                           0x0800df80   Data          16  observe.o(.constdata)
    sinTable_f32                             0x0800df90   Data        2052  arm_common_tables.o(.rodata.sinTable_f32)
    Region$$Table$$Base                      0x0800e794   Number         0  anon$$obj.o(Region$$Table)
    Region$$Table$$Limit                     0x0800e7b4   Number         0  anon$$obj.o(Region$$Table)
    uwTick                                   0x24000004   Data           4  stm32h7xx_hal.o(.data)
    uwTickPrio                               0x24000008   Data           4  stm32h7xx_hal.o(.data)
    uwTickFreq                               0x2400000c   Data           1  stm32h7xx_hal.o(.data)
    SystemCoreClock                          0x24000010   Data           4  system_stm32h7xx.o(.data)
    SystemD2Clock                            0x24000014   Data           4  system_stm32h7xx.o(.data)
    sizeof_float                             0x24000018   Data           2  kalman_filter.o(.data)
    sizeof_double                            0x2400001a   Data           2  kalman_filter.o(.data)
    tmp_flag                                 0x2400002c   Data           1  r9ds.o(.data)
    BMI088_ACCEL_SEN                         0x24000030   Data           4  bmi088driver.o(.data)
    BMI088_GYRO_SEN                          0x24000034   Data           4  bmi088driver.o(.data)
    gNormDiff                                0x2400003c   Data           4  bmi088driver.o(.data)
    caliOffset                               0x24000040   Data           1  bmi088driver.o(.data)
    caliCount                                0x24000042   Data           2  bmi088driver.o(.data)
    BMI088_SPI                               0x2400007c   Data           4  bmi088middleware.o(.data)
    LQR_K_R                                  0x24000080   Data          48  chassis_r.o(.data)
    Poly_Coefficient                         0x240000b0   Data         192  chassis_r.o(.data)
    CHASSR_TIME                              0x24000170   Data           4  chassis_r.o(.data)
    right_flag                               0x24000174   Data           1  chassis_r.o(.data)
    CHASSL_TIME                              0x24000178   Data           4  chassis_l.o(.data)
    LQR_K_L                                  0x2400017c   Data          48  chassis_l.o(.data)
    left_flag                                0x240001ac   Data           1  chassis_l.o(.data)
    vaEstimateKF_F                           0x240001b0   Data          16  observe.o(.data)
    vaEstimateKF_P                           0x240001c0   Data          16  observe.o(.data)
    vaEstimateKF_Q                           0x240001d0   Data          16  observe.o(.data)
    vaEstimateKF_R                           0x240001e0   Data          16  observe.o(.data)
    vel_acc                                  0x240001f0   Data           8  observe.o(.data)
    OBSERVE_TIME                             0x240001f8   Data           4  observe.o(.data)
    gravity                                  0x24000210   Data          12  ins.o(.data)
    INS_DWT_Count                            0x2400021c   Data           4  ins.o(.data)
    ins_dt                                   0x24000220   Data           4  ins.o(.data)
    ins_time                                 0x24000224   Data           4  ins.o(.data)
    stop_time                                0x24000228   Data           4  ins.o(.data)
    R9DS_TIME                                0x2400022c   Data           2  r9ds_task.o(.data)
    task_clk                                 0x24000230   Data           4  hardware_config.o(.data)
    SysTime                                  0x24000238   Data           8  bsp_dwt.o(.data)
    CYCCNT64                                 0x24000258   Data           8  bsp_dwt.o(.data)
    __microlib_freelist                      0x24000278   Data           4  mvars.o(.data)
    __microlib_freelist_initialised          0x2400027c   Data           4  mvars.o(.data)
    hfdcan1                                  0x24000284   Data         160  fdcan.o(.bss)
    hfdcan2                                  0x24000324   Data         160  fdcan.o(.bss)
    hspi2                                    0x240003c4   Data         136  spi.o(.bss)
    hdma_spi2_rx                             0x2400044c   Data         120  spi.o(.bss)
    hdma_spi2_tx                             0x240004c4   Data         120  spi.o(.bss)
    htim14                                   0x2400053c   Data          76  tim.o(.bss)
    huart4                                   0x24000588   Data         148  usart.o(.bss)
    huart5                                   0x2400061c   Data         148  usart.o(.bss)
    hdma_uart4_rx                            0x240006b0   Data         120  usart.o(.bss)
    hdma_uart4_tx                            0x24000728   Data         120  usart.o(.bss)
    hdma_uart5_rx                            0x240007a0   Data         120  usart.o(.bss)
    rc_Ctrl                                  0x24000818   Data          24  r9ds.o(.bss)
    SBUS_thoroughfare                        0x24000830   Data          32  r9ds.o(.bss)
    gyroDiff                                 0x24000850   Data          12  bmi088driver.o(.bss)
    BMI088                                   0x2400085c   Data          64  bmi088driver.o(.bss)
    right                                    0x2400089c   Data         172  chassis_r.o(.bss)
    chassis_move                             0x24000948   Data         472  chassis_r.o(.bss)
    Tp_pid                                   0x24000b20   Data          48  chassis_r.o(.bss)
    Turn_pid                                 0x24000b50   Data          48  chassis_r.o(.bss)
    LegR_pid                                 0x24000b80   Data          48  chassis_r.o(.bss)
    RollR_Pid                                0x24000bb0   Data          48  chassis_r.o(.bss)
    left                                     0x24000be0   Data         172  chassis_l.o(.bss)
    LegL_pid                                 0x24000c8c   Data          48  chassis_l.o(.bss)
    vaEstimateKF                             0x24000cbc   Data         320  observe.o(.bss)
    vaEstimateKF_K                           0x24000dfc   Data          16  observe.o(.bss)
    INS                                      0x24000e0c   Data         148  ins.o(.bss)
    mahony                                   0x24000ea0   Data         132  ins.o(.bss)
    Gyro                                     0x24000f24   Data          12  ins.o(.bss)
    Accel                                    0x24000f30   Data          12  ins.o(.bss)
    RxHeader1                                0x24000f3c   Data          40  can_bsp.o(.bss)
    g_Can1RxData                             0x24000f64   Data          64  can_bsp.o(.bss)
    RxHeader2                                0x24000fa4   Data          40  can_bsp.o(.bss)
    g_Can2RxData                             0x24000fcc   Data          64  can_bsp.o(.bss)
    __heap_base                              0x24001010   Data           0  startup_stm32h723xx.o(HEAP)
    __heap_limit                             0x24001210   Data           0  startup_stm32h723xx.o(HEAP)
    __initial_sp                             0x24001610   Data           0  startup_stm32h723xx.o(STACK)
    uart5_RxBuffer                           0x24018020   Data          25  r9ds.o(.ARM.__AT_0x24018020)



==============================================================================

Memory Map of the image

  Image Entry point : 0x080002cd

  Load Region LR_IROM1 (Base: 0x08000000, Size: 0x0000ea38, Max: 0x00100000, ABSOLUTE, COMPRESSED[0x0000e918])

    Execution Region ER_IROM1 (Exec base: 0x08000000, Load base: 0x08000000, Size: 0x0000e7b4, Max: 0x00100000, ABSOLUTE)

    Exec Addr    Load Addr    Size         Type   Attr      Idx    E Section Name        Object

    0x08000000   0x08000000   0x000002cc   Data   RO            3    RESET               startup_stm32h723xx.o
    0x080002cc   0x080002cc   0x00000000   Code   RO         7347  * .ARM.Collect$$$$00000000  mc_w.l(entry.o)
    0x080002cc   0x080002cc   0x00000004   Code   RO         7402    .ARM.Collect$$$$00000001  mc_w.l(entry2.o)
    0x080002d0   0x080002d0   0x00000004   Code   RO         7405    .ARM.Collect$$$$00000004  mc_w.l(entry5.o)
    0x080002d4   0x080002d4   0x00000000   Code   RO         7407    .ARM.Collect$$$$00000008  mc_w.l(entry7b.o)
    0x080002d4   0x080002d4   0x00000000   Code   RO         7409    .ARM.Collect$$$$0000000A  mc_w.l(entry8b.o)
    0x080002d4   0x080002d4   0x00000008   Code   RO         7410    .ARM.Collect$$$$0000000B  mc_w.l(entry9a.o)
    0x080002dc   0x080002dc   0x00000000   Code   RO         7412    .ARM.Collect$$$$0000000D  mc_w.l(entry10a.o)
    0x080002dc   0x080002dc   0x00000000   Code   RO         7414    .ARM.Collect$$$$0000000F  mc_w.l(entry11a.o)
    0x080002dc   0x080002dc   0x00000004   Code   RO         7403    .ARM.Collect$$$$00002712  mc_w.l(entry2.o)
    0x080002e0   0x080002e0   0x00000024   Code   RO            4    .text               startup_stm32h723xx.o
    0x08000304   0x08000304   0x00000062   Code   RO         7350    .text               mc_w.l(uldiv.o)
    0x08000366   0x08000366   0x00000024   Code   RO         7352    .text               mc_w.l(memcpya.o)
    0x0800038a   0x0800038a   0x00000024   Code   RO         7354    .text               mc_w.l(memseta.o)
    0x080003ae   0x080003ae   0x0000001e   Code   RO         7416    .text               mc_w.l(llshl.o)
    0x080003cc   0x080003cc   0x00000020   Code   RO         7418    .text               mc_w.l(llushr.o)
    0x080003ec   0x080003ec   0x00000000   Code   RO         7429    .text               mc_w.l(iusefp.o)
    0x080003ec   0x080003ec   0x00000024   Code   RO         7430    .text               mc_w.l(init.o)
    0x08000410   0x08000410   0x00000056   Code   RO         7440    .text               mc_w.l(__dczerorl2.o)
    0x08000466   0x08000466   0x00000002   PAD
    0x08000468   0x08000468   0x00000090   Code   RO         7114    .text.arm_cos_f32   arm_cortexM7lfdp_math.lib(arm_cos_f32.o)
    0x080004f8   0x080004f8   0x000000be   Code   RO         7134    .text.arm_mat_add_f32  arm_cortexM7lfdp_math.lib(arm_mat_add_f32.o)
    0x080005b6   0x080005b6   0x00000008   Code   RO         7144    .text.arm_mat_init_f32  arm_cortexM7lfdp_math.lib(arm_mat_init_f32.o)
    0x080005be   0x080005be   0x00000002   PAD
    0x080005c0   0x080005c0   0x000002cc   Code   RO         7153    .text.arm_mat_inverse_f32  arm_cortexM7lfdp_math.lib(arm_mat_inverse_f32.o)
    0x0800088c   0x0800088c   0x00000130   Code   RO         7163    .text.arm_mat_mult_f32  arm_cortexM7lfdp_math.lib(arm_mat_mult_f32.o)
    0x080009bc   0x080009bc   0x000000be   Code   RO         7173    .text.arm_mat_sub_f32  arm_cortexM7lfdp_math.lib(arm_mat_sub_f32.o)
    0x08000a7a   0x08000a7a   0x00000002   PAD
    0x08000a7c   0x08000a7c   0x000000b4   Code   RO         7183    .text.arm_mat_trans_f32  arm_cortexM7lfdp_math.lib(arm_mat_trans_f32.o)
    0x08000b30   0x08000b30   0x0000008c   Code   RO         7124    .text.arm_sin_f32   arm_cortexM7lfdp_math.lib(arm_sin_f32.o)
    0x08000bbc   0x08000bbc   0x00000014   Code   RO         6461    i.BMI088_ACCEL_NS_H  bmi088middleware.o
    0x08000bd0   0x08000bd0   0x00000014   Code   RO         6462    i.BMI088_ACCEL_NS_L  bmi088middleware.o
    0x08000be4   0x08000be4   0x00000014   Code   RO         6463    i.BMI088_GYRO_NS_H  bmi088middleware.o
    0x08000bf8   0x08000bf8   0x00000014   Code   RO         6464    i.BMI088_GYRO_NS_L  bmi088middleware.o
    0x08000c0c   0x08000c0c   0x00000330   Code   RO         6371    i.BMI088_Read       bmi088driver.o
    0x08000f3c   0x08000f3c   0x000000c0   Code   RO         6372    i.BMI088_init       bmi088driver.o
    0x08000ffc   0x08000ffc   0x00000026   Code   RO         6373    i.BMI088_read_muli_reg  bmi088driver.o
    0x08001022   0x08001022   0x00000018   Code   RO         6374    i.BMI088_read_single_reg  bmi088driver.o
    0x0800103a   0x0800103a   0x00000002   PAD
    0x0800103c   0x0800103c   0x00000024   Code   RO         6465    i.BMI088_read_write_byte  bmi088middleware.o
    0x08001060   0x08001060   0x00000014   Code   RO         6375    i.BMI088_write_single_reg  bmi088driver.o
    0x08001074   0x08001074   0x00000030   Code   RO         6024    i.BasePID_Init      pid.o
    0x080010a4   0x080010a4   0x000000b4   Code   RO         6025    i.BasePID_PositionControl  pid.o
    0x08001158   0x08001158   0x0000015a   Code   RO         6678    i.BodyFrameToEarthFrame  ins.o
    0x080012b2   0x080012b2   0x00000004   Code   RO          436    i.BusFault_Handler  stm32h7xx_it.o
    0x080012b6   0x080012b6   0x00000002   PAD
    0x080012b8   0x080012b8   0x00000674   Code   RO         6376    i.Calibrate_MPU_Offset  bmi088driver.o
    0x0800192c   0x0800192c   0x000000b8   Code   RO         6577    i.ChassisL_init     chassis_l.o
    0x080019e4   0x080019e4   0x0000003c   Code   RO         6578    i.ChassisL_task     chassis_l.o
    0x08001a20   0x08001a20   0x00000100   Code   RO         6515    i.ChassisR_init     chassis_r.o
    0x08001b20   0x08001b20   0x00000068   Code   RO         6516    i.ChassisR_task     chassis_r.o
    0x08001b88   0x08001b88   0x00000010   Code   RO          437    i.DMA1_Stream0_IRQHandler  stm32h7xx_it.o
    0x08001b98   0x08001b98   0x00000010   Code   RO          438    i.DMA1_Stream1_IRQHandler  stm32h7xx_it.o
    0x08001ba8   0x08001ba8   0x00000010   Code   RO          439    i.DMA1_Stream2_IRQHandler  stm32h7xx_it.o
    0x08001bb8   0x08001bb8   0x00000010   Code   RO          440    i.DMA1_Stream3_IRQHandler  stm32h7xx_it.o
    0x08001bc8   0x08001bc8   0x00000010   Code   RO          441    i.DMA1_Stream4_IRQHandler  stm32h7xx_it.o
    0x08001bd8   0x08001bd8   0x000000ec   Code   RO         1474    i.DMA_CalcBaseAndBitshift  stm32h7xx_hal_dma.o
    0x08001cc4   0x08001cc4   0x000000c4   Code   RO         1475    i.DMA_CalcDMAMUXChannelBaseAndMask  stm32h7xx_hal_dma.o
    0x08001d88   0x08001d88   0x00000098   Code   RO         1476    i.DMA_CalcDMAMUXRequestGenBaseAndMask  stm32h7xx_hal_dma.o
    0x08001e20   0x08001e20   0x000000ae   Code   RO         1477    i.DMA_CheckFifoParam  stm32h7xx_hal_dma.o
    0x08001ece   0x08001ece   0x00000002   PAD
    0x08001ed0   0x08001ed0   0x00000274   Code   RO         1478    i.DMA_SetConfig     stm32h7xx_hal_dma.o
    0x08002144   0x08002144   0x00000210   Code   RO         6314    i.DR16_DataUnpack   r9ds.o
    0x08002354   0x08002354   0x00000030   Code   RO         6904    i.DWT_CNT_Update    bsp_dwt.o
    0x08002384   0x08002384   0x0000003c   Code   RO         6905    i.DWT_Delay         bsp_dwt.o
    0x080023c0   0x080023c0   0x0000004c   Code   RO         6906    i.DWT_GetDeltaT     bsp_dwt.o
    0x0800240c   0x0800240c   0x00000054   Code   RO         6909    i.DWT_GetTimeline_s  bsp_dwt.o
    0x08002460   0x08002460   0x00000068   Code   RO         6911    i.DWT_Init          bsp_dwt.o
    0x080024c8   0x080024c8   0x000000d0   Code   RO         6912    i.DWT_SysTimeUpdate  bsp_dwt.o
    0x08002598   0x08002598   0x00000002   Code   RO          442    i.DebugMon_Handler  stm32h7xx_it.o
    0x0800259a   0x0800259a   0x0000015a   Code   RO         6679    i.EarthFrameToBodyFrame  ins.o
    0x080026f4   0x080026f4   0x00000006   Code   RO           13    i.Error_Handler     main.o
    0x080026fa   0x080026fa   0x00000002   PAD
    0x080026fc   0x080026fc   0x00000060   Code   RO         6846    i.FDCAN1_Config     can_bsp.o
    0x0800275c   0x0800275c   0x00000010   Code   RO          443    i.FDCAN1_IT0_IRQHandler  stm32h7xx_it.o
    0x0800276c   0x0800276c   0x00000060   Code   RO         6847    i.FDCAN2_Config     can_bsp.o
    0x080027cc   0x080027cc   0x00000010   Code   RO          444    i.FDCAN2_IT0_IRQHandler  stm32h7xx_it.o
    0x080027dc   0x080027dc   0x00000220   Code   RO         3115    i.FDCAN_CalcultateRamBlockAddresses  stm32h7xx_hal_fdcan.o
    0x080029fc   0x080029fc   0x000000d4   Code   RO         3116    i.FDCAN_CopyMessageToRAM  stm32h7xx_hal_fdcan.o
    0x08002ad0   0x08002ad0   0x000004dc   Code   RO         1479    i.HAL_DMA_Abort     stm32h7xx_hal_dma.o
    0x08002fac   0x08002fac   0x00000398   Code   RO         1480    i.HAL_DMA_Abort_IT  stm32h7xx_hal_dma.o
    0x08003344   0x08003344   0x00000006   Code   RO         1482    i.HAL_DMA_GetError  stm32h7xx_hal_dma.o
    0x0800334a   0x0800334a   0x00000002   PAD
    0x0800334c   0x0800334c   0x00000af8   Code   RO         1484    i.HAL_DMA_IRQHandler  stm32h7xx_hal_dma.o
    0x08003e44   0x08003e44   0x00000514   Code   RO         1485    i.HAL_DMA_Init      stm32h7xx_hal_dma.o
    0x08004358   0x08004358   0x000003e0   Code   RO         1489    i.HAL_DMA_Start_IT  stm32h7xx_hal_dma.o
    0x08004738   0x08004738   0x00000028   Code   RO         2176    i.HAL_Delay         stm32h7xx_hal.o
    0x08004760   0x08004760   0x000000a8   Code   RO         3118    i.HAL_FDCAN_ActivateNotification  stm32h7xx_hal_fdcan.o
    0x08004808   0x08004808   0x00000090   Code   RO         3120    i.HAL_FDCAN_AddMessageToTxFifoQ  stm32h7xx_hal_fdcan.o
    0x08004898   0x08004898   0x00000002   Code   RO         3121    i.HAL_FDCAN_ClockCalibrationCallback  stm32h7xx_hal_fdcan.o
    0x0800489a   0x0800489a   0x000000a8   Code   RO         3125    i.HAL_FDCAN_ConfigFilter  stm32h7xx_hal_fdcan.o
    0x08004942   0x08004942   0x00000034   Code   RO         3126    i.HAL_FDCAN_ConfigGlobalFilter  stm32h7xx_hal_fdcan.o
    0x08004976   0x08004976   0x00000002   Code   RO         3147    i.HAL_FDCAN_ErrorCallback  stm32h7xx_hal_fdcan.o
    0x08004978   0x08004978   0x00000002   Code   RO         3148    i.HAL_FDCAN_ErrorStatusCallback  stm32h7xx_hal_fdcan.o
    0x0800497a   0x0800497a   0x00000002   PAD
    0x0800497c   0x0800497c   0x000001f4   Code   RO         3159    i.HAL_FDCAN_GetRxMessage  stm32h7xx_hal_fdcan.o
    0x08004b70   0x08004b70   0x00000002   Code   RO         3165    i.HAL_FDCAN_HighPriorityMessageCallback  stm32h7xx_hal_fdcan.o
    0x08004b72   0x08004b72   0x00000002   PAD
    0x08004b74   0x08004b74   0x000003d4   Code   RO         3166    i.HAL_FDCAN_IRQHandler  stm32h7xx_hal_fdcan.o
    0x08004f48   0x08004f48   0x000002e0   Code   RO         3167    i.HAL_FDCAN_Init    stm32h7xx_hal_fdcan.o
    0x08005228   0x08005228   0x0000012c   Code   RO          256    i.HAL_FDCAN_MspInit  fdcan.o
    0x08005354   0x08005354   0x00000002   Code   RO         3176    i.HAL_FDCAN_RxBufferNewMessageCallback  stm32h7xx_hal_fdcan.o
    0x08005356   0x08005356   0x00000002   PAD
    0x08005358   0x08005358   0x0000007c   Code   RO         6848    i.HAL_FDCAN_RxFifo0Callback  can_bsp.o
    0x080053d4   0x080053d4   0x0000007c   Code   RO         6849    i.HAL_FDCAN_RxFifo1Callback  can_bsp.o
    0x08005450   0x08005450   0x00000034   Code   RO         3179    i.HAL_FDCAN_Start   stm32h7xx_hal_fdcan.o
    0x08005484   0x08005484   0x00000002   Code   RO         3201    i.HAL_FDCAN_TT_GlobalTimeCallback  stm32h7xx_hal_fdcan.o
    0x08005486   0x08005486   0x00000002   Code   RO         3202    i.HAL_FDCAN_TT_ScheduleSyncCallback  stm32h7xx_hal_fdcan.o
    0x08005488   0x08005488   0x00000002   Code   RO         3207    i.HAL_FDCAN_TT_StopWatchCallback  stm32h7xx_hal_fdcan.o
    0x0800548a   0x0800548a   0x00000002   Code   RO         3208    i.HAL_FDCAN_TT_TimeMarkCallback  stm32h7xx_hal_fdcan.o
    0x0800548c   0x0800548c   0x00000002   Code   RO         3209    i.HAL_FDCAN_TimeoutOccurredCallback  stm32h7xx_hal_fdcan.o
    0x0800548e   0x0800548e   0x00000002   Code   RO         3210    i.HAL_FDCAN_TimestampWraparoundCallback  stm32h7xx_hal_fdcan.o
    0x08005490   0x08005490   0x00000002   Code   RO         3211    i.HAL_FDCAN_TxBufferAbortCallback  stm32h7xx_hal_fdcan.o
    0x08005492   0x08005492   0x00000002   Code   RO         3212    i.HAL_FDCAN_TxBufferCompleteCallback  stm32h7xx_hal_fdcan.o
    0x08005494   0x08005494   0x00000002   Code   RO         3213    i.HAL_FDCAN_TxEventFifoCallback  stm32h7xx_hal_fdcan.o
    0x08005496   0x08005496   0x00000002   Code   RO         3214    i.HAL_FDCAN_TxFifoEmptyCallback  stm32h7xx_hal_fdcan.o
    0x08005498   0x08005498   0x000001f0   Code   RO         1327    i.HAL_GPIO_Init     stm32h7xx_hal_gpio.o
    0x08005688   0x08005688   0x0000000c   Code   RO         1331    i.HAL_GPIO_WritePin  stm32h7xx_hal_gpio.o
    0x08005694   0x08005694   0x0000000c   Code   RO         2192    i.HAL_GetTick       stm32h7xx_hal.o
    0x080056a0   0x080056a0   0x00000018   Code   RO         2198    i.HAL_IncTick       stm32h7xx_hal.o
    0x080056b8   0x080056b8   0x00000060   Code   RO         2199    i.HAL_Init          stm32h7xx_hal.o
    0x08005718   0x08005718   0x00000058   Code   RO         2200    i.HAL_InitTick      stm32h7xx_hal.o
    0x08005770   0x08005770   0x00000024   Code   RO          584    i.HAL_MspInit       stm32h7xx_hal_msp.o
    0x08005794   0x08005794   0x00000028   Code   RO          614    i.HAL_NVIC_EnableIRQ  stm32h7xx_hal_cortex.o
    0x080057bc   0x080057bc   0x0000007a   Code   RO          620    i.HAL_NVIC_SetPriority  stm32h7xx_hal_cortex.o
    0x08005836   0x08005836   0x00000002   PAD
    0x08005838   0x08005838   0x00000028   Code   RO          621    i.HAL_NVIC_SetPriorityGrouping  stm32h7xx_hal_cortex.o
    0x08005860   0x08005860   0x00000060   Code   RO         1928    i.HAL_PWREx_ConfigSupply  stm32h7xx_hal_pwr_ex.o
    0x080058c0   0x080058c0   0x00000024   Code   RO          870    i.HAL_RCCEx_GetD3PCLK1Freq  stm32h7xx_hal_rcc_ex.o
    0x080058e4   0x080058e4   0x00000230   Code   RO          872    i.HAL_RCCEx_GetPLL2ClockFreq  stm32h7xx_hal_rcc_ex.o
    0x08005b14   0x08005b14   0x00000230   Code   RO          873    i.HAL_RCCEx_GetPLL3ClockFreq  stm32h7xx_hal_rcc_ex.o
    0x08005d44   0x08005d44   0x00000cc8   Code   RO          879    i.HAL_RCCEx_PeriphCLKConfig  stm32h7xx_hal_rcc_ex.o
    0x08006a0c   0x08006a0c   0x00000320   Code   RO          755    i.HAL_RCC_ClockConfig  stm32h7xx_hal_rcc.o
    0x08006d2c   0x08006d2c   0x0000004c   Code   RO          760    i.HAL_RCC_GetHCLKFreq  stm32h7xx_hal_rcc.o
    0x08006d78   0x08006d78   0x00000024   Code   RO          762    i.HAL_RCC_GetPCLK1Freq  stm32h7xx_hal_rcc.o
    0x08006d9c   0x08006d9c   0x00000024   Code   RO          763    i.HAL_RCC_GetPCLK2Freq  stm32h7xx_hal_rcc.o
    0x08006dc0   0x08006dc0   0x0000022c   Code   RO          764    i.HAL_RCC_GetSysClockFreq  stm32h7xx_hal_rcc.o
    0x08006fec   0x08006fec   0x0000075c   Code   RO          767    i.HAL_RCC_OscConfig  stm32h7xx_hal_rcc.o
    0x08007748   0x08007748   0x00000002   Code   RO         3740    i.HAL_SPI_ErrorCallback  stm32h7xx_hal_spi.o
    0x0800774a   0x0800774a   0x00000002   PAD
    0x0800774c   0x0800774c   0x00000294   Code   RO         3743    i.HAL_SPI_IRQHandler  stm32h7xx_hal_spi.o
    0x080079e0   0x080079e0   0x000001b0   Code   RO         3744    i.HAL_SPI_Init      stm32h7xx_hal_spi.o
    0x08007b90   0x08007b90   0x00000174   Code   RO          305    i.HAL_SPI_MspInit   spi.o
    0x08007d04   0x08007d04   0x00000002   Code   RO         3750    i.HAL_SPI_RxCpltCallback  stm32h7xx_hal_spi.o
    0x08007d06   0x08007d06   0x00000002   Code   RO         3752    i.HAL_SPI_SuspendCallback  stm32h7xx_hal_spi.o
    0x08007d08   0x08007d08   0x00000302   Code   RO         3754    i.HAL_SPI_TransmitReceive  stm32h7xx_hal_spi.o
    0x0800800a   0x0800800a   0x00000002   Code   RO         3759    i.HAL_SPI_TxCpltCallback  stm32h7xx_hal_spi.o
    0x0800800c   0x0800800c   0x00000002   Code   RO         3761    i.HAL_SPI_TxRxCpltCallback  stm32h7xx_hal_spi.o
    0x0800800e   0x0800800e   0x00000034   Code   RO          625    i.HAL_SYSTICK_Config  stm32h7xx_hal_cortex.o
    0x08008042   0x08008042   0x00000002   Code   RO         4794    i.HAL_TIMEx_Break2Callback  stm32h7xx_hal_tim_ex.o
    0x08008044   0x08008044   0x00000002   Code   RO         4795    i.HAL_TIMEx_BreakCallback  stm32h7xx_hal_tim_ex.o
    0x08008046   0x08008046   0x00000002   Code   RO         4796    i.HAL_TIMEx_CommutCallback  stm32h7xx_hal_tim_ex.o
    0x08008048   0x08008048   0x0000006e   Code   RO         4069    i.HAL_TIM_Base_Init  stm32h7xx_hal_tim.o
    0x080080b6   0x080080b6   0x00000002   PAD
    0x080080b8   0x080080b8   0x00000044   Code   RO          347    i.HAL_TIM_Base_MspInit  tim.o
    0x080080fc   0x080080fc   0x000000cc   Code   RO         4074    i.HAL_TIM_Base_Start_IT  stm32h7xx_hal_tim.o
    0x080081c8   0x080081c8   0x00000002   Code   RO         4103    i.HAL_TIM_IC_CaptureCallback  stm32h7xx_hal_tim.o
    0x080081ca   0x080081ca   0x000001b8   Code   RO         4117    i.HAL_TIM_IRQHandler  stm32h7xx_hal_tim.o
    0x08008382   0x08008382   0x00000002   Code   RO         4120    i.HAL_TIM_OC_DelayElapsedCallback  stm32h7xx_hal_tim.o
    0x08008384   0x08008384   0x00000002   Code   RO         4147    i.HAL_TIM_PWM_PulseFinishedCallback  stm32h7xx_hal_tim.o
    0x08008386   0x08008386   0x00000002   PAD
    0x08008388   0x08008388   0x00000224   Code   RO         6777    i.HAL_TIM_PeriodElapsedCallback  control_logic.o
    0x080085ac   0x080085ac   0x00000002   Code   RO         4160    i.HAL_TIM_TriggerCallback  stm32h7xx_hal_tim.o
    0x080085ae   0x080085ae   0x0000004e   Code   RO         5522    i.HAL_UARTEx_DisableFifoMode  stm32h7xx_hal_uart_ex.o
    0x080085fc   0x080085fc   0x00000002   Code   RO         5106    i.HAL_UARTEx_RxEventCallback  stm32h7xx_hal_uart.o
    0x080085fe   0x080085fe   0x00000002   Code   RO         5530    i.HAL_UARTEx_RxFifoFullCallback  stm32h7xx_hal_uart_ex.o
    0x08008600   0x08008600   0x0000005e   Code   RO         5531    i.HAL_UARTEx_SetRxFifoThreshold  stm32h7xx_hal_uart_ex.o
    0x0800865e   0x0800865e   0x0000005e   Code   RO         5532    i.HAL_UARTEx_SetTxFifoThreshold  stm32h7xx_hal_uart_ex.o
    0x080086bc   0x080086bc   0x00000002   Code   RO         5534    i.HAL_UARTEx_TxFifoEmptyCallback  stm32h7xx_hal_uart_ex.o
    0x080086be   0x080086be   0x00000002   Code   RO         5535    i.HAL_UARTEx_WakeupCallback  stm32h7xx_hal_uart_ex.o
    0x080086c0   0x080086c0   0x000000be   Code   RO         5118    i.HAL_UART_DMAStop  stm32h7xx_hal_uart.o
    0x0800877e   0x0800877e   0x00000002   Code   RO         5122    i.HAL_UART_ErrorCallback  stm32h7xx_hal_uart.o
    0x08008780   0x08008780   0x00000494   Code   RO         5125    i.HAL_UART_IRQHandler  stm32h7xx_hal_uart.o
    0x08008c14   0x08008c14   0x00000078   Code   RO         5126    i.HAL_UART_Init     stm32h7xx_hal_uart.o
    0x08008c8c   0x08008c8c   0x00000250   Code   RO          389    i.HAL_UART_MspInit  usart.o
    0x08008edc   0x08008edc   0x0000005c   Code   RO         5130    i.HAL_UART_Receive_DMA  stm32h7xx_hal_uart.o
    0x08008f38   0x08008f38   0x0000001c   Code   RO         6316    i.HAL_UART_RxCpltCallback  r9ds.o
    0x08008f54   0x08008f54   0x00000002   Code   RO         5134    i.HAL_UART_RxHalfCpltCallback  stm32h7xx_hal_uart.o
    0x08008f56   0x08008f56   0x00000002   Code   RO         5138    i.HAL_UART_TxCpltCallback  stm32h7xx_hal_uart.o
    0x08008f58   0x08008f58   0x00000130   Code   RO         5769    i.H_K_R_Adjustment  kalman_filter.o
    0x08009088   0x08009088   0x00000004   Code   RO          445    i.HardFault_Handler  stm32h7xx_it.o
    0x0800908c   0x0800908c   0x000000ac   Code   RO         6812    i.HardwareConfig    hardware_config.o
    0x08009138   0x08009138   0x00000034   Code   RO         6680    i.INS_Init          ins.o
    0x0800916c   0x0800916c   0x00000314   Code   RO         6681    i.INS_task          ins.o
    0x08009480   0x08009480   0x0000070c   Code   RO         5770    i.Kalman_Filter_Init  kalman_filter.o
    0x08009b8c   0x08009b8c   0x00000050   Code   RO         5771    i.Kalman_Filter_Measure  kalman_filter.o
    0x08009bdc   0x08009bdc   0x00000068   Code   RO         5772    i.Kalman_Filter_P_Update  kalman_filter.o
    0x08009c44   0x08009c44   0x00000068   Code   RO         5773    i.Kalman_Filter_PminusUpdate  kalman_filter.o
    0x08009cac   0x08009cac   0x000000d2   Code   RO         5774    i.Kalman_Filter_SetK  kalman_filter.o
    0x08009d7e   0x08009d7e   0x00000002   PAD
    0x08009d80   0x08009d80   0x0000012c   Code   RO         5775    i.Kalman_Filter_Update  kalman_filter.o
    0x08009eac   0x08009eac   0x0000007c   Code   RO         5776    i.Kalman_Filter_xhatMinusUpdate  kalman_filter.o
    0x08009f28   0x08009f28   0x00000086   Code   RO         5777    i.Kalman_Filter_xhatUpdate  kalman_filter.o
    0x08009fae   0x08009fae   0x00000032   Code   RO         5910    i.LQR_K_calc        vmc_calc.o
    0x08009fe0   0x08009fe0   0x00000074   Code   RO          231    i.MX_DMA_Init       dma.o
    0x0800a054   0x0800a054   0x00000080   Code   RO          257    i.MX_FDCAN1_Init    fdcan.o
    0x0800a0d4   0x0800a0d4   0x00000080   Code   RO          258    i.MX_FDCAN2_Init    fdcan.o
    0x0800a154   0x0800a154   0x000001a8   Code   RO          207    i.MX_GPIO_Init      gpio.o
    0x0800a2fc   0x0800a2fc   0x00000064   Code   RO          306    i.MX_SPI2_Init      spi.o
    0x0800a360   0x0800a360   0x00000034   Code   RO          348    i.MX_TIM14_Init     tim.o
    0x0800a394   0x0800a394   0x0000006c   Code   RO          390    i.MX_UART4_Init     usart.o
    0x0800a400   0x0800a400   0x00000074   Code   RO          391    i.MX_UART5_Init     usart.o
    0x0800a474   0x0800a474   0x00000004   Code   RO          446    i.MemManage_Handler  stm32h7xx_it.o
    0x0800a478   0x0800a478   0x00000004   Code   RO          447    i.NMI_Handler       stm32h7xx_it.o
    0x0800a47c   0x0800a47c   0x00000188   Code   RO         6630    i.Observe_task      observe.o
    0x0800a604   0x0800a604   0x00000002   Code   RO          448    i.PendSV_Handler    stm32h7xx_it.o
    0x0800a606   0x0800a606   0x00000048   Code   RO           14    i.PeriphCommonClock_Config  main.o
    0x0800a64e   0x0800a64e   0x00000002   PAD
    0x0800a650   0x0800a650   0x00000038   Code   RO         6317    i.R9DS_Init         r9ds.o
    0x0800a688   0x0800a688   0x00000244   Code   RO         6737    i.R9DS_Task         r9ds_task.o
    0x0800a8cc   0x0800a8cc   0x00000054   Code   RO         6318    i.R9DS_callback     r9ds.o
    0x0800a920   0x0800a920   0x00000164   Code   RO          882    i.RCCEx_PLL2_Config  stm32h7xx_hal_rcc_ex.o
    0x0800aa84   0x0800aa84   0x00000164   Code   RO          883    i.RCCEx_PLL3_Config  stm32h7xx_hal_rcc_ex.o
    0x0800abe8   0x0800abe8   0x0000012e   Code   RO         5847    i.RotationMatrix_update  mahony_filter.o
    0x0800ad16   0x0800ad16   0x00000002   PAD
    0x0800ad18   0x0800ad18   0x00000010   Code   RO          449    i.SPI2_IRQHandler   stm32h7xx_it.o
    0x0800ad28   0x0800ad28   0x000000d6   Code   RO         3764    i.SPI_CloseTransfer  stm32h7xx_hal_spi.o
    0x0800adfe   0x0800adfe   0x0000001c   Code   RO         3765    i.SPI_DMAAbortOnError  stm32h7xx_hal_spi.o
    0x0800ae1a   0x0800ae1a   0x0000001a   Code   RO         3775    i.SPI_GetPacketSize  stm32h7xx_hal_spi.o
    0x0800ae34   0x0800ae34   0x00000042   Code   RO         3782    i.SPI_WaitOnFlagUntilTimeout  stm32h7xx_hal_spi.o
    0x0800ae76   0x0800ae76   0x00000002   Code   RO          450    i.SVC_Handler       stm32h7xx_it.o
    0x0800ae78   0x0800ae78   0x00000008   Code   RO          451    i.SysTick_Handler   stm32h7xx_it.o
    0x0800ae80   0x0800ae80   0x000000b4   Code   RO           15    i.SystemClock_Config  main.o
    0x0800af34   0x0800af34   0x000000e0   Code   RO         5646    i.SystemInit        system_stm32h7xx.o
    0x0800b014   0x0800b014   0x00000010   Code   RO          452    i.TIM8_TRG_COM_TIM14_IRQHandler  stm32h7xx_it.o
    0x0800b024   0x0800b024   0x000000e0   Code   RO         4162    i.TIM_Base_SetConfig  stm32h7xx_hal_tim.o
    0x0800b104   0x0800b104   0x00000010   Code   RO          453    i.UART4_IRQHandler  stm32h7xx_it.o
    0x0800b114   0x0800b114   0x00000010   Code   RO          454    i.UART5_IRQHandler  stm32h7xx_it.o
    0x0800b124   0x0800b124   0x00000058   Code   RO         5536    i.UARTEx_SetNbDataToProcess  stm32h7xx_hal_uart_ex.o
    0x0800b17c   0x0800b17c   0x000000f8   Code   RO         5140    i.UART_AdvFeatureConfig  stm32h7xx_hal_uart.o
    0x0800b274   0x0800b274   0x000000ea   Code   RO         5141    i.UART_CheckIdleState  stm32h7xx_hal_uart.o
    0x0800b35e   0x0800b35e   0x00000018   Code   RO         5142    i.UART_DMAAbortOnError  stm32h7xx_hal_uart.o
    0x0800b376   0x0800b376   0x0000005e   Code   RO         5143    i.UART_DMAError     stm32h7xx_hal_uart.o
    0x0800b3d4   0x0800b3d4   0x000000ae   Code   RO         5144    i.UART_DMAReceiveCplt  stm32h7xx_hal_uart.o
    0x0800b482   0x0800b482   0x00000026   Code   RO         5146    i.UART_DMARxHalfCplt  stm32h7xx_hal_uart.o
    0x0800b4a8   0x0800b4a8   0x0000006c   Code   RO         5152    i.UART_EndRxTransfer  stm32h7xx_hal_uart.o
    0x0800b514   0x0800b514   0x00000030   Code   RO         5153    i.UART_EndTransmit_IT  stm32h7xx_hal_uart.o
    0x0800b544   0x0800b544   0x00000040   Code   RO         5154    i.UART_EndTxTransfer  stm32h7xx_hal_uart.o
    0x0800b584   0x0800b584   0x00000628   Code   RO         5159    i.UART_SetConfig    stm32h7xx_hal_uart.o
    0x0800bbac   0x0800bbac   0x000000c8   Code   RO         5160    i.UART_Start_Receive_DMA  stm32h7xx_hal_uart.o
    0x0800bc74   0x0800bc74   0x000000a2   Code   RO         5166    i.UART_WaitOnFlagUntilTimeout  stm32h7xx_hal_uart.o
    0x0800bd16   0x0800bd16   0x00000004   Code   RO          455    i.UsageFault_Handler  stm32h7xx_it.o
    0x0800bd1a   0x0800bd1a   0x00000002   PAD
    0x0800bd1c   0x0800bd1c   0x0000039c   Code   RO         5911    i.VMC_calc_1_left   vmc_calc.o
    0x0800c0b8   0x0800c0b8   0x0000038c   Code   RO         5912    i.VMC_calc_1_right  vmc_calc.o
    0x0800c444   0x0800c444   0x00000196   Code   RO         5913    i.VMC_calc_2        vmc_calc.o
    0x0800c5da   0x0800c5da   0x00000002   PAD
    0x0800c5dc   0x0800c5dc   0x00000038   Code   RO         5914    i.VMC_init          vmc_calc.o
    0x0800c614   0x0800c614   0x00000026   Code   RO         7386    i.__ARM_fpclassifyf  m_wv.l(fpclassifyf.o)
    0x0800c63a   0x0800c63a   0x00000002   PAD
    0x0800c63c   0x0800c63c   0x00000010   Code   RO          627    i.__NVIC_GetPriorityGrouping  stm32h7xx_hal_cortex.o
    0x0800c64c   0x0800c64c   0x00000028   Code   RO          628    i.__NVIC_SetPriority  stm32h7xx_hal_cortex.o
    0x0800c674   0x0800c674   0x00000138   Code   RO         7299    i.__hardfp_asinf    m_wv.l(asinf.o)
    0x0800c7ac   0x0800c7ac   0x00000258   Code   RO         7311    i.__hardfp_atan2f   m_wv.l(atan2f.o)
    0x0800ca04   0x0800ca04   0x00000066   Code   RO         7323    i.__hardfp_sqrt     m_wv.l(sqrt.o)
    0x0800ca6a   0x0800ca6a   0x0000003a   Code   RO         7335    i.__hardfp_sqrtf    m_wv.l(sqrtf.o)
    0x0800caa4   0x0800caa4   0x00000006   Code   RO         7389    i.__mathlib_flt_infnan  m_wv.l(funder.o)
    0x0800caaa   0x0800caaa   0x00000006   Code   RO         7390    i.__mathlib_flt_infnan2  m_wv.l(funder.o)
    0x0800cab0   0x0800cab0   0x00000010   Code   RO         7391    i.__mathlib_flt_invalid  m_wv.l(funder.o)
    0x0800cac0   0x0800cac0   0x00000010   Code   RO         7394    i.__mathlib_flt_underflow  m_wv.l(funder.o)
    0x0800cad0   0x0800cad0   0x0000000e   Code   RO         7434    i.__scatterload_copy  mc_w.l(handlers.o)
    0x0800cade   0x0800cade   0x00000002   Code   RO         7435    i.__scatterload_null  mc_w.l(handlers.o)
    0x0800cae0   0x0800cae0   0x0000000e   Code   RO         7436    i.__scatterload_zeroinit  mc_w.l(handlers.o)
    0x0800caee   0x0800caee   0x00000002   PAD
    0x0800caf0   0x0800caf0   0x0000000c   Code   RO         7424    i.__set_errno       mc_w.l(errno.o)
    0x0800cafc   0x0800cafc   0x0000016c   Code   RO         6377    i.bmi088_accel_init  bmi088driver.o
    0x0800cc68   0x0800cc68   0x00000130   Code   RO         6378    i.bmi088_gyro_init  bmi088driver.o
    0x0800cd98   0x0800cd98   0x00000080   Code   RO         6850    i.canx_send_data    can_bsp.o
    0x0800ce18   0x0800ce18   0x000002c0   Code   RO         6579    i.chassisL_control_loop  chassis_l.o
    0x0800d0d8   0x0800d0d8   0x0000004c   Code   RO         6580    i.chassisL_feedback_update  chassis_l.o
    0x0800d124   0x0800d124   0x00000314   Code   RO         6517    i.chassisR_control_loop  chassis_r.o
    0x0800d438   0x0800d438   0x0000009c   Code   RO         6518    i.chassisR_feedback_update  chassis_r.o
    0x0800d4d4   0x0800d4d4   0x0000009a   Code   RO         6212    i.dm4310_fbdata     dm4310_drv.o
    0x0800d56e   0x0800d56e   0x00000002   PAD
    0x0800d570   0x0800d570   0x000000a4   Code   RO         6213    i.dm6215_fbdata     dm4310_drv.o
    0x0800d614   0x0800d614   0x00000042   Code   RO         6214    i.enable_motor_mode  dm4310_drv.o
    0x0800d656   0x0800d656   0x0000000a   Code   RO         6379    i.fabsf             bmi088driver.o
    0x0800d660   0x0800d660   0x00000032   Code   RO         6215    i.float_to_uint     dm4310_drv.o
    0x0800d692   0x0800d692   0x00000064   Code   RO         5915    i.ground_detectionL  vmc_calc.o
    0x0800d6f6   0x0800d6f6   0x00000064   Code   RO         5916    i.ground_detectionR  vmc_calc.o
    0x0800d75a   0x0800d75a   0x00000006   Code   RO         6216    i.joint_motor_init  dm4310_drv.o
    0x0800d760   0x0800d760   0x00000002   Code   RO         6738    i.jump_key          r9ds_task.o
    0x0800d762   0x0800d762   0x00000002   PAD
    0x0800d764   0x0800d764   0x00000038   Code   RO         5848    i.mahony_init       mahony_filter.o
    0x0800d79c   0x0800d79c   0x0000001e   Code   RO         5849    i.mahony_input      mahony_filter.o
    0x0800d7ba   0x0800d7ba   0x0000004a   Code   RO         5850    i.mahony_output     mahony_filter.o
    0x0800d804   0x0800d804   0x00000286   Code   RO         5851    i.mahony_update     mahony_filter.o
    0x0800da8a   0x0800da8a   0x00000034   Code   RO           16    i.main              main.o
    0x0800dabe   0x0800dabe   0x00000002   PAD
    0x0800dac0   0x0800dac0   0x0000006c   Code   RO         7359    i.malloc            mc_w.l(malloc.o)
    0x0800db2c   0x0800db2c   0x000000f0   Code   RO         6217    i.mit_ctrl          dm4310_drv.o
    0x0800dc1c   0x0800dc1c   0x000000f8   Code   RO         6218    i.mit_ctrl2         dm4310_drv.o
    0x0800dd14   0x0800dd14   0x00000028   Code   RO         6519    i.mySaturate        chassis_r.o
    0x0800dd3c   0x0800dd3c   0x00000074   Code   RO         6088    i.slope_following   user_lib.o
    0x0800ddb0   0x0800ddb0   0x0000003e   Code   RO         7337    i.sqrtf             m_wv.l(sqrtf.o)
    0x0800ddee   0x0800ddee   0x00000034   Code   RO         6221    i.uint_to_float     dm4310_drv.o
    0x0800de22   0x0800de22   0x00000006   Code   RO         6222    i.wheel_motor_init  dm4310_drv.o
    0x0800de28   0x0800de28   0x00000074   Code   RO         6631    i.xvEstimateKF_Init  observe.o
    0x0800de9c   0x0800de9c   0x00000048   Code   RO         6632    i.xvEstimateKF_Update  observe.o
    0x0800dee4   0x0800dee4   0x00000008   Data   RO         1491    .constdata          stm32h7xx_hal_dma.o
    0x0800deec   0x0800deec   0x0000005c   Data   RO         3215    .constdata          stm32h7xx_hal_fdcan.o
    0x0800df48   0x0800df48   0x00000018   Data   RO         5167    .constdata          stm32h7xx_hal_uart.o
    0x0800df60   0x0800df60   0x00000010   Data   RO         5538    .constdata          stm32h7xx_hal_uart_ex.o
    0x0800df70   0x0800df70   0x00000010   Data   RO         5647    .constdata          system_stm32h7xx.o
    0x0800df80   0x0800df80   0x00000010   Data   RO         6634    .constdata          observe.o
    0x0800df90   0x0800df90   0x00000804   Data   RO         7279    .rodata.sinTable_f32  arm_cortexM7lfdp_math.lib(arm_common_tables.o)
    0x0800e794   0x0800e794   0x00000020   Data   RO         7432    Region$$Table       anon$$obj.o


    Execution Region RW_IRAM1 (Exec base: 0x20000000, Load base: 0x0800e7b4, Size: 0x00000000, Max: 0x00020000, ABSOLUTE)

    **** No section assigned to this execution region ****


    Execution Region RW_IRAM2 (Exec base: 0x24000000, Load base: 0x0800e7b4, Size: 0x0001803c, Max: 0x00050000, ABSOLUTE, COMPRESSED[0x00000164])

    Exec Addr    Load Addr    Size         Type   Attr      Idx    E Section Name        Object

    0x24000000   COMPRESSED   0x00000004   Data   RW          260    .data               fdcan.o
    0x24000004   COMPRESSED   0x00000009   Data   RW         2223    .data               stm32h7xx_hal.o
    0x2400000d   COMPRESSED   0x00000003   PAD
    0x24000010   COMPRESSED   0x00000008   Data   RW         5648    .data               system_stm32h7xx.o
    0x24000018   COMPRESSED   0x00000004   Data   RW         5778    .data               kalman_filter.o
    0x2400001c   COMPRESSED   0x00000010   Data   RW         5917    .data               vmc_calc.o
    0x2400002c   COMPRESSED   0x00000001   Data   RW         6321    .data               r9ds.o
    0x2400002d   COMPRESSED   0x00000003   PAD
    0x24000030   COMPRESSED   0x0000004a   Data   RW         6381    .data               bmi088driver.o
    0x2400007a   COMPRESSED   0x00000002   PAD
    0x2400007c   COMPRESSED   0x00000004   Data   RW         6466    .data               bmi088middleware.o
    0x24000080   COMPRESSED   0x000000f5   Data   RW         6521    .data               chassis_r.o
    0x24000175   COMPRESSED   0x00000003   PAD
    0x24000178   COMPRESSED   0x00000035   Data   RW         6582    .data               chassis_l.o
    0x240001ad   COMPRESSED   0x00000003   PAD
    0x240001b0   COMPRESSED   0x00000060   Data   RW         6635    .data               observe.o
    0x24000210   COMPRESSED   0x0000001c   Data   RW         6683    .data               ins.o
    0x2400022c   COMPRESSED   0x00000002   Data   RW         6739    .data               r9ds_task.o
    0x2400022e   COMPRESSED   0x00000002   PAD
    0x24000230   COMPRESSED   0x00000004   Data   RW         6813    .data               hardware_config.o
    0x24000234   COMPRESSED   0x00000004   PAD
    0x24000238   COMPRESSED   0x00000040   Data   RW         6913    .data               bsp_dwt.o
    0x24000278   COMPRESSED   0x00000004   Data   RW         7420    .data               mc_w.l(mvars.o)
    0x2400027c   COMPRESSED   0x00000004   Data   RW         7421    .data               mc_w.l(mvars.o)
    0x24000280   COMPRESSED   0x00000004   Data   RW         7425    .data               mc_w.l(errno.o)
    0x24000284        -       0x00000140   Zero   RW          259    .bss                fdcan.o
    0x240003c4        -       0x00000178   Zero   RW          307    .bss                spi.o
    0x2400053c        -       0x0000004c   Zero   RW          349    .bss                tim.o
    0x24000588        -       0x00000290   Zero   RW          392    .bss                usart.o
    0x24000818        -       0x00000038   Zero   RW         6320    .bss                r9ds.o
    0x24000850        -       0x0000004c   Zero   RW         6380    .bss                bmi088driver.o
    0x2400089c        -       0x00000344   Zero   RW         6520    .bss                chassis_r.o
    0x24000be0        -       0x000000dc   Zero   RW         6581    .bss                chassis_l.o
    0x24000cbc        -       0x00000150   Zero   RW         6633    .bss                observe.o
    0x24000e0c        -       0x00000130   Zero   RW         6682    .bss                ins.o
    0x24000f3c        -       0x000000d0   Zero   RW         6851    .bss                can_bsp.o
    0x2400100c   COMPRESSED   0x00000004   PAD
    0x24001010        -       0x00000200   Zero   RW            2    HEAP                startup_stm32h723xx.o
    0x24001210        -       0x00000400   Zero   RW            1    STACK               startup_stm32h723xx.o
    0x24001610   COMPRESSED   0x00016a10   PAD
    0x24018020        -       0x00000019   Zero   RW         6319    .ARM.__AT_0x24018020  r9ds.o


==============================================================================

Image component sizes


      Code (inc. data)   RO Data    RW Data    ZI Data      Debug   Object Name

      3420        210          0         74         76      11505   bmi088driver.o
       116         30          0          4          0       3632   bmi088middleware.o
       580        112          0         64          0       4862   bsp_dwt.o
       568         40          0          0        208       4497   can_bsp.o
      1024         82          0         53        220       5350   chassis_l.o
      1344        126          0        245        836       7052   chassis_r.o
       548         40          0          0          0       1316   control_logic.o
       986         34          0          0          0       9033   dm4310_drv.o
       116          4          0          0          0        974   dma.o
       556         42          0          4        320       2824   fdcan.o
       424         24          0          0          0       1331   gpio.o
       172         36          0          4          0       1300   hardware_config.o
      1532         86          0         28        304       5866   ins.o
      3164         28          0          4          0       9563   kalman_filter.o
      1108         16          0          0          0       4773   mahony_filter.o
       310          4          0          0          0    1226171   main.o
       580         80         16         96        336       3215   observe.o
       228         10          0          0          0       2081   pid.o
         0          0          0          0          0      20316   quaternionekf.o
       696         40          0          1         81       4128   r9ds.o
       582         84          0          2          0       2968   r9ds_task.o
       472         38          0          0        376       2231   spi.o
        36          8        716          0       1536        864   startup_stm32h723xx.o
       260         48          0          9          0      23901   stm32h7xx_hal.o
       310         22          0          0          0      40255   stm32h7xx_hal_cortex.o
      8656        164          8          0          0      14377   stm32h7xx_hal_dma.o
      3586         52         92          0          0      23468   stm32h7xx_hal_fdcan.o
       508         50          0          0          0       2312   stm32h7xx_hal_gpio.o
        36          4          0          0          0        994   stm32h7xx_hal_msp.o
        96          6          0          0          0        805   stm32h7xx_hal_pwr_ex.o
      3388        110          0          0          0       7140   stm32h7xx_hal_rcc.o
      5140        112          0          0          0       7541   stm32h7xx_hal_rcc_ex.o
      2206         18          0          0          0      10553   stm32h7xx_hal_spi.o
       986         84          0          0          0       6375   stm32h7xx_hal_tim.o
         6          0          0          0          0       2464   stm32h7xx_hal_tim_ex.o
      4552        172         24          0          0      37493   stm32h7xx_hal_uart.o
       360         10         16          0          0       5794   stm32h7xx_hal_uart_ex.o
       210         66          0          0          0      11748   stm32h7xx_it.o
       224         32         16          8          0       1486   system_stm32h7xx.o
       120         20          0          0         76       1796   tim.o
       816         66          0          0        656       3109   usart.o
       116          0          0          0          0        642   user_lib.o
      2544         46          0         16          0       7544   vmc_calc.o

    ----------------------------------------------------------------------
     52722       2256        920        632      97720    1545649   Object Totals
         0          0         32          0          0          0   (incl. Generated)
        40          0          0         20      92695          0   (incl. Padding)

    ----------------------------------------------------------------------

      Code (inc. data)   RO Data    RW Data    ZI Data      Debug   Library Member Name

         0          0       2052          0          0       4961   arm_common_tables.o
       144         12          0          0          0       1111   arm_cos_f32.o
       190          0          0          0          0       1836   arm_mat_add_f32.o
         8          0          0          0          0        841   arm_mat_init_f32.o
       716          4          0          0          0       3547   arm_mat_inverse_f32.o
       304          4          0          0          0       2362   arm_mat_mult_f32.o
       190          0          0          0          0       1834   arm_mat_sub_f32.o
       180          0          0          0          0       1862   arm_mat_trans_f32.o
       140         12          0          0          0       1098   arm_sin_f32.o
       312         54          0          0          0        176   asinf.o
       600         98          0          0          0        184   atan2f.o
        38          0          0          0          0        116   fpclassifyf.o
        44         12          0          0          0        464   funder.o
       102          0          0          0          0        140   sqrt.o
       120          0          0          0          0        272   sqrtf.o
        86          0          0          0          0          0   __dczerorl2.o
         0          0          0          0          0          0   entry.o
         0          0          0          0          0          0   entry10a.o
         0          0          0          0          0          0   entry11a.o
         8          4          0          0          0          0   entry2.o
         4          0          0          0          0          0   entry5.o
         0          0          0          0          0          0   entry7b.o
         0          0          0          0          0          0   entry8b.o
         8          4          0          0          0          0   entry9a.o
        12          6          0          4          0         68   errno.o
        30          0          0          0          0          0   handlers.o
        36          8          0          0          0         68   init.o
         0          0          0          0          0          0   iusefp.o
        30          0          0          0          0         68   llshl.o
        32          0          0          0          0         68   llushr.o
       108         16          0          0          0         84   malloc.o
        36          0          0          0          0         68   memcpya.o
        36          0          0          0          0        108   memseta.o
         0          0          0          8          0          0   mvars.o
        98          0          0          0          0         92   uldiv.o

    ----------------------------------------------------------------------
      3622        234       2052         12          0      21428   Library Totals
        10          0          0          0          0          0   (incl. Padding)

    ----------------------------------------------------------------------

      Code (inc. data)   RO Data    RW Data    ZI Data      Debug   Library Name

      1872         32       2052          0          0      19452   arm_cortexM7lfdp_math.lib
      1216        164          0          0          0       1352   m_wv.l
       524         38          0         12          0        624   mc_w.l

    ----------------------------------------------------------------------
      3622        234       2052         12          0      21428   Library Totals

    ----------------------------------------------------------------------

==============================================================================


      Code (inc. data)   RO Data    RW Data    ZI Data      Debug   

     56344       2490       2972        644      97720    1544541   Grand Totals
     56344       2490       2972        356      97720    1544541   ELF Image Totals (compressed)
     56344       2490       2972        356          0          0   ROM Totals

==============================================================================

    Total RO  Size (Code + RO Data)                59316 (  57.93kB)
    Total RW  Size (RW Data + ZI Data)             98364 (  96.06kB)
    Total ROM Size (Code + RO Data + RW Data)      59672 (  58.27kB)

==============================================================================

